../Core/Src/stm32l0xx_hal_msp.c:66:6:HAL_MspInit	8	static
../Core/Src/stm32l0xx_hal_msp.c:89:6:HAL_ADC_MspInit	48	static
../Core/Src/stm32l0xx_hal_msp.c:142:6:HAL_ADC_MspDeInit	16	static
../Core/Src/stm32l0xx_hal_msp.c:173:6:HAL_UART_MspInit	48	static
../Core/Src/stm32l0xx_hal_msp.c:210:6:HAL_UART_MspDeInit	16	static
../Core/Src/stm32l0xx_hal_msp.c:239:6:HAL_TIM_Base_MspInit	16	static
../Core/Src/stm32l0xx_hal_msp.c:256:6:HAL_TIM_MspPostInit	48	static
../Core/Src/stm32l0xx_hal_msp.c:288:6:HAL_TIM_Base_MspDeInit	16	static
