../Core/Src/main.c:61:21:getNoraPort	8	static
../Core/Src/main.c:64:21:getDebugPort	8	static
../Core/Src/main.c:78:5:main	584	static
../Core/Src/main.c:255:6:SystemClock_Config	112	static
../Core/Src/main.c:305:13:MX_ADC_Init	16	static
../Core/Src/main.c:393:13:MX_LPUART1_UART_Init	8	static
../Core/Src/main.c:427:13:MX_USART2_UART_Init	8	static
../Core/Src/main.c:460:13:MX_DMA_Init	16	static
../Core/Src/main.c:478:13:MX_GPIO_Init	48	static
../Core/Src/main.c:522:6:Error_Handler	8	static,ignoring_inline_asm
