Archive member included to satisfy reference by file (symbol)

/opt/st/stm32cubeide_1.19.0/plugins/com.st.stm32cube.ide.mcu.externaltools.gnu-tools-for-stm32.13.3.rel1.linux64_1.0.0.202410170706/tools/bin/../lib/gcc/arm-none-eabi/13.3.1/../../../../arm-none-eabi/lib/thumb/v6-m/nofp/libc_nano.a(libc_a-exit.o)
                              /opt/st/stm32cubeide_1.19.0/plugins/com.st.stm32cube.ide.mcu.externaltools.gnu-tools-for-stm32.13.3.rel1.linux64_1.0.0.202410170706/tools/bin/../lib/gcc/arm-none-eabi/13.3.1/../../../../arm-none-eabi/lib/thumb/v6-m/nofp/crt0.o (exit)
/opt/st/stm32cubeide_1.19.0/plugins/com.st.stm32cube.ide.mcu.externaltools.gnu-tools-for-stm32.13.3.rel1.linux64_1.0.0.202410170706/tools/bin/../lib/gcc/arm-none-eabi/13.3.1/../../../../arm-none-eabi/lib/thumb/v6-m/nofp/libc_nano.a(libc_a-findfp.o)
                              /opt/st/stm32cubeide_1.19.0/plugins/com.st.stm32cube.ide.mcu.externaltools.gnu-tools-for-stm32.13.3.rel1.linux64_1.0.0.202410170706/tools/bin/../lib/gcc/arm-none-eabi/13.3.1/../../../../arm-none-eabi/lib/thumb/v6-m/nofp/libc_nano.a(libc_a-exit.o) (__stdio_exit_handler)
/opt/st/stm32cubeide_1.19.0/plugins/com.st.stm32cube.ide.mcu.externaltools.gnu-tools-for-stm32.13.3.rel1.linux64_1.0.0.202410170706/tools/bin/../lib/gcc/arm-none-eabi/13.3.1/../../../../arm-none-eabi/lib/thumb/v6-m/nofp/libc_nano.a(libc_a-fwalk.o)
                              /opt/st/stm32cubeide_1.19.0/plugins/com.st.stm32cube.ide.mcu.externaltools.gnu-tools-for-stm32.13.3.rel1.linux64_1.0.0.202410170706/tools/bin/../lib/gcc/arm-none-eabi/13.3.1/../../../../arm-none-eabi/lib/thumb/v6-m/nofp/libc_nano.a(libc_a-findfp.o) (_fwalk_sglue)
/opt/st/stm32cubeide_1.19.0/plugins/com.st.stm32cube.ide.mcu.externaltools.gnu-tools-for-stm32.13.3.rel1.linux64_1.0.0.202410170706/tools/bin/../lib/gcc/arm-none-eabi/13.3.1/../../../../arm-none-eabi/lib/thumb/v6-m/nofp/libc_nano.a(libc_a-sprintf.o)
                              ./Core/Src/main.o (sprintf)
/opt/st/stm32cubeide_1.19.0/plugins/com.st.stm32cube.ide.mcu.externaltools.gnu-tools-for-stm32.13.3.rel1.linux64_1.0.0.202410170706/tools/bin/../lib/gcc/arm-none-eabi/13.3.1/../../../../arm-none-eabi/lib/thumb/v6-m/nofp/libc_nano.a(libc_a-stdio.o)
                              /opt/st/stm32cubeide_1.19.0/plugins/com.st.stm32cube.ide.mcu.externaltools.gnu-tools-for-stm32.13.3.rel1.linux64_1.0.0.202410170706/tools/bin/../lib/gcc/arm-none-eabi/13.3.1/../../../../arm-none-eabi/lib/thumb/v6-m/nofp/libc_nano.a(libc_a-findfp.o) (__sread)
/opt/st/stm32cubeide_1.19.0/plugins/com.st.stm32cube.ide.mcu.externaltools.gnu-tools-for-stm32.13.3.rel1.linux64_1.0.0.202410170706/tools/bin/../lib/gcc/arm-none-eabi/13.3.1/../../../../arm-none-eabi/lib/thumb/v6-m/nofp/libc_nano.a(libc_a-memset.o)
                              /opt/st/stm32cubeide_1.19.0/plugins/com.st.stm32cube.ide.mcu.externaltools.gnu-tools-for-stm32.13.3.rel1.linux64_1.0.0.202410170706/tools/bin/../lib/gcc/arm-none-eabi/13.3.1/../../../../arm-none-eabi/lib/thumb/v6-m/nofp/crt0.o (memset)
/opt/st/stm32cubeide_1.19.0/plugins/com.st.stm32cube.ide.mcu.externaltools.gnu-tools-for-stm32.13.3.rel1.linux64_1.0.0.202410170706/tools/bin/../lib/gcc/arm-none-eabi/13.3.1/../../../../arm-none-eabi/lib/thumb/v6-m/nofp/libc_nano.a(libc_a-closer.o)
                              /opt/st/stm32cubeide_1.19.0/plugins/com.st.stm32cube.ide.mcu.externaltools.gnu-tools-for-stm32.13.3.rel1.linux64_1.0.0.202410170706/tools/bin/../lib/gcc/arm-none-eabi/13.3.1/../../../../arm-none-eabi/lib/thumb/v6-m/nofp/libc_nano.a(libc_a-stdio.o) (_close_r)
/opt/st/stm32cubeide_1.19.0/plugins/com.st.stm32cube.ide.mcu.externaltools.gnu-tools-for-stm32.13.3.rel1.linux64_1.0.0.202410170706/tools/bin/../lib/gcc/arm-none-eabi/13.3.1/../../../../arm-none-eabi/lib/thumb/v6-m/nofp/libc_nano.a(libc_a-reent.o)
                              /opt/st/stm32cubeide_1.19.0/plugins/com.st.stm32cube.ide.mcu.externaltools.gnu-tools-for-stm32.13.3.rel1.linux64_1.0.0.202410170706/tools/bin/../lib/gcc/arm-none-eabi/13.3.1/../../../../arm-none-eabi/lib/thumb/v6-m/nofp/libc_nano.a(libc_a-closer.o) (errno)
/opt/st/stm32cubeide_1.19.0/plugins/com.st.stm32cube.ide.mcu.externaltools.gnu-tools-for-stm32.13.3.rel1.linux64_1.0.0.202410170706/tools/bin/../lib/gcc/arm-none-eabi/13.3.1/../../../../arm-none-eabi/lib/thumb/v6-m/nofp/libc_nano.a(libc_a-impure.o)
                              /opt/st/stm32cubeide_1.19.0/plugins/com.st.stm32cube.ide.mcu.externaltools.gnu-tools-for-stm32.13.3.rel1.linux64_1.0.0.202410170706/tools/bin/../lib/gcc/arm-none-eabi/13.3.1/../../../../arm-none-eabi/lib/thumb/v6-m/nofp/libc_nano.a(libc_a-sprintf.o) (_impure_ptr)
/opt/st/stm32cubeide_1.19.0/plugins/com.st.stm32cube.ide.mcu.externaltools.gnu-tools-for-stm32.13.3.rel1.linux64_1.0.0.202410170706/tools/bin/../lib/gcc/arm-none-eabi/13.3.1/../../../../arm-none-eabi/lib/thumb/v6-m/nofp/libc_nano.a(libc_a-lseekr.o)
[...]
Memory Configuration

Name             Origin             Length             Attributes
RAM              0x20000000         0x00002000         xrw
FLASH            0x08000000         0x00008000         xr
*default*        0x00000000         0xffffffff

Linker script and memory map

LOAD /opt/st/stm32cubeide_1.19.0/plugins/com.st.stm32cube.ide.mcu.externaltools.gnu-tools-for-stm32.13.3.rel1.linux64_1.0.0.202410170706/tools/bin/../lib/gcc/arm-none-eabi/13.3.1/thumb/v6-m/nofp/crti.o
LOAD /opt/st/stm32cubeide_1.19.0/plugins/com.st.stm32cube.ide.mcu.externaltools.gnu-tools-for-stm32.13.3.rel1.linux64_1.0.0.202410170706/tools/bin/../lib/gcc/arm-none-eabi/13.3.1/thumb/v6-m/nofp/crtbegin.o
LOAD /opt/st/stm32cubeide_1.19.0/plugins/com.st.stm32cube.ide.mcu.externaltools.gnu-tools-for-stm32.13.3.rel1.linux64_1.0.0.202410170706/tools/bin/../lib/gcc/arm-none-eabi/13.3.1/../../../../arm-none-eabi/lib/thumb/v6-m/nofp/crt0.o
LOAD ./Core/Src/main.o
LOAD ./Core/Src/stm32l0xx_hal_msp.o
LOAD ./Core/Src/stm32l0xx_it.o
LOAD ./Core/Src/syscalls.o
LOAD ./Core/Src/sysmem.o
LOAD ./Core/Src/system_stm32l0xx.o
LOAD ./Core/Startup/startup_stm32l031k6tx.o
LOAD ./Drivers/STM32L0xx_HAL_Driver/Src/stm32l0xx_hal.o
LOAD ./Drivers/STM32L0xx_HAL_Driver/Src/stm32l0xx_hal_adc.o
LOAD ./Drivers/STM32L0xx_HAL_Driver/Src/stm32l0xx_hal_adc_ex.o
LOAD ./Drivers/STM32L0xx_HAL_Driver/Src/stm32l0xx_hal_cortex.o
LOAD ./Drivers/STM32L0xx_HAL_Driver/Src/stm32l0xx_hal_dma.o
LOAD ./Drivers/STM32L0xx_HAL_Driver/Src/stm32l0xx_hal_exti.o
LOAD ./Drivers/STM32L0xx_HAL_Driver/Src/stm32l0xx_hal_flash.o
LOAD ./Drivers/STM32L0xx_HAL_Driver/Src/stm32l0xx_hal_flash_ex.o
LOAD ./Drivers/STM32L0xx_HAL_Driver/Src/stm32l0xx_hal_flash_ramfunc.o
LOAD ./Drivers/STM32L0xx_HAL_Driver/Src/stm32l0xx_hal_gpio.o
LOAD ./Drivers/STM32L0xx_HAL_Driver/Src/stm32l0xx_hal_i2c.o
LOAD ./Drivers/STM32L0xx_HAL_Driver/Src/stm32l0xx_hal_i2c_ex.o
LOAD ./Drivers/STM32L0xx_HAL_Driver/Src/stm32l0xx_hal_pwr.o
LOAD ./Drivers/STM32L0xx_HAL_Driver/Src/stm32l0xx_hal_pwr_ex.o
LOAD ./Drivers/STM32L0xx_HAL_Driver/Src/stm32l0xx_hal_rcc.o
LOAD ./Drivers/STM32L0xx_HAL_Driver/Src/stm32l0xx_hal_rcc_ex.o
LOAD ./Drivers/STM32L0xx_HAL_Driver/Src/stm32l0xx_hal_tim.o
LOAD ./Drivers/STM32L0xx_HAL_Driver/Src/stm32l0xx_hal_tim_ex.o
LOAD ./Drivers/STM32L0xx_HAL_Driver/Src/stm32l0xx_hal_uart.o
LOAD ./Drivers/STM32L0xx_HAL_Driver/Src/stm32l0xx_hal_uart_ex.o
START GROUP
LOAD /opt/st/stm32cubeide_1.19.0/plugins/com.st.stm32cube.ide.mcu.externaltools.gnu-tools-for-stm32.13.3.rel1.linux64_1.0.0.202410170706/tools/bin/../lib/gcc/arm-none-eabi/13.3.1/../../../../arm-none-eabi/lib/thumb/v6-m/nofp/libc_nano.a
LOAD /opt/st/stm32cubeide_1.19.0/plugins/com.st.stm32cube.ide.mcu.externaltools.gnu-tools-for-stm32.13.3.rel1.linux64_1.0.0.202410170706/tools/bin/../lib/gcc/arm-none-eabi/13.3.1/../../../../arm-none-eabi/lib/thumb/v6-m/nofp/libm.a
END GROUP
START GROUP
LOAD /opt/st/stm32cubeide_1.19.0/plugins/com.st.stm32cube.ide.mcu.externaltools.gnu-tools-for-stm32.13.3.rel1.linux64_1.0.0.202410170706/tools/bin/../lib/gcc/arm-none-eabi/13.3.1/thumb/v6-m/nofp/libgcc.a
LOAD /opt/st/stm32cubeide_1.19.0/plugins/com.st.stm32cube.ide.mcu.externaltools.gnu-tools-for-stm32.13.3.rel1.linux64_1.0.0.202410170706/tools/bin/../lib/gcc/arm-none-eabi/13.3.1/../../../../arm-none-eabi/lib/thumb/v6-m/nofp/libc_nano.a
END GROUP
START GROUP
LOAD /opt/st/stm32cubeide_1.19.0/plugins/com.st.stm32cube.ide.mcu.externaltools.gnu-tools-for-stm32.13.3.rel1.linux64_1.0.0.202410170706/tools/bin/../lib/gcc/arm-none-eabi/13.3.1/thumb/v6-m/nofp/libgcc.a
LOAD /opt/st/stm32cubeide_1.19.0/plugins/com.st.stm32cube.ide.mcu.externaltools.gnu-tools-for-stm32.13.3.rel1.linux64_1.0.0.202410170706/tools/bin/../lib/gcc/arm-none-eabi/13.3.1/../../../../arm-none-eabi/lib/thumb/v6-m/nofp/libc_nano.a
LOAD /opt/st/stm32cubeide_1.19.0/plugins/com.st.stm32cube.ide.mcu.externaltools.gnu-tools-for-stm32.13.3.rel1.linux64_1.0.0.202410170706/tools/bin/../lib/gcc/arm-none-eabi/13.3.1/../../../../arm-none-eabi/lib/thumb/v6-m/nofp/libnosys.a
END GROUP
START GROUP
LOAD /opt/st/stm32cubeide_1.19.0/plugins/com.st.stm32cube.ide.mcu.externaltools.gnu-tools-for-stm32.13.3.rel1.linux64_1.0.0.202410170706/tools/bin/../lib/gcc/arm-none-eabi/13.3.1/thumb/v6-m/nofp/libgcc.a
LOAD /opt/st/stm32cubeide_1.19.0/plugins/com.st.stm32cube.ide.mcu.externaltools.gnu-tools-for-stm32.13.3.rel1.linux64_1.0.0.202410170706/tools/bin/../lib/gcc/arm-none-eabi/13.3.1/../../../../arm-none-eabi/lib/thumb/v6-m/nofp/libc_nano.a
LOAD /opt/st/stm32cubeide_1.19.0/plugins/com.st.stm32cube.ide.mcu.externaltools.gnu-tools-for-stm32.13.3.rel1.linux64_1.0.0.202410170706/tools/bin/../lib/gcc/arm-none-eabi/13.3.1/../../../../arm-none-eabi/lib/thumb/v6-m/nofp/libnosys.a
END GROUP
LOAD /opt/st/stm32cubeide_1.19.0/plugins/com.st.stm32cube.ide.mcu.externaltools.gnu-tools-for-stm32.13.3.rel1.linux64_1.0.0.202410170706/tools/bin/../lib/gcc/arm-none-eabi/13.3.1/thumb/v6-m/nofp/crtend.o
LOAD /opt/st/stm32cubeide_1.19.0/plugins/com.st.stm32cube.ide.mcu.externaltools.gnu-tools-for-stm32.13.3.rel1.linux64_1.0.0.202410170706/tools/bin/../lib/gcc/arm-none-eabi/13.3.1/thumb/v6-m/nofp/crtn.o
                0x20002000                        _estack = (ORIGIN (RAM) + LENGTH (RAM))
                0x00000200                        _Min_Heap_Size = 0x200
                0x00000400                        _Min_Stack_Size = 0x400

.isr_vector     0x08000000       0xc0
                0x08000000                        . = ALIGN (0x4)
 *(.isr_vector)
 .isr_vector    0x08000000       0xc0 ./Core/Startup/startup_stm32l031k6tx.o
                0x08000000                g_pfnVectors
                0x080000c0                        . = ALIGN (0x4)

.text           0x080000c0     0x4714
                0x080000c0                        . = ALIGN (0x4)
 *(.text)
 .text          0x080000c0       0x48 /opt/st/stm32cubeide_1.19.0/plugins/com.st.stm32cube.ide.mcu.externaltools.gnu-tools-for-stm32.13.3.rel1.linux64_1.0.0.202410170706/tools/bin/../lib/gcc/arm-none-eabi/13.3.1/thumb/v6-m/nofp/crtbegin.o
 .text          0x08000108        0xe /opt/st/stm32cubeide_1.19.0/plugins/com.st.stm32cube.ide.mcu.externaltools.gnu-tools-for-stm32.13.3.rel1.linux64_1.0.0.202410170706/tools/bin/../lib/gcc/arm-none-eabi/13.3.1/../../../../arm-none-eabi/lib/thumb/v6-m/nofp/libc_nano.a(libc_a-strlen.o)
                0x08000108                strlen
 *fill*         0x08000116        0x2 
 .text          0x08000118       0x14 /opt/st/stm32cubeide_1.19.0/plugins/com.st.stm32cube.ide.mcu.externaltools.gnu-tools-for-stm32.13.3.rel1.linux64_1.0.0.202410170706/tools/bin/../lib/gcc/arm-none-eabi/13.3.1/thumb/v6-m/nofp/libgcc.a(_thumb1_case_shi.o)
                0x08000118                __gnu_thumb1_case_shi
 .text          0x0800012c      0x114 /opt/st/stm32cubeide_1.19.0/plugins/com.st.stm32cube.ide.mcu.externaltools.gnu-tools-for-stm32.13.3.rel1.linux64_1.0.0.202410170706/tools/bin/../lib/gcc/arm-none-eabi/13.3.1/thumb/v6-m/nofp/libgcc.a(_udivsi3.o)
                0x0800012c                __udivsi3
                0x0800012c                __aeabi_uidiv
                0x08000238                __aeabi_uidivmod
 .text          0x08000240        0x4 /opt/st/stm32cubeide_1.19.0/plugins/com.st.stm32cube.ide.mcu.externaltools.gnu-tools-for-stm32.13.3.rel1.linux64_1.0.0.202410170706/tools/bin/../lib/gcc/arm-none-eabi/13.3.1/thumb/v6-m/nofp/libgcc.a(_dvmd_tls.o)
                0x08000240                __aeabi_ldiv0
                0x08000240                __aeabi_idiv0
 .text          0x08000244       0x40 /opt/st/stm32cubeide_1.19.0/plugins/com.st.stm32cube.ide.mcu.externaltools.gnu-tools-for-stm32.13.3.rel1.linux64_1.0.0.202410170706/tools/bin/../lib/gcc/arm-none-eabi/13.3.1/thumb/v6-m/nofp/libgcc.a(_aeabi_uldivmod.o)
                0x08000244                __aeabi_uldivmod
 .text          0x08000284      0x198 /opt/st/stm32cubeide_1.19.0/plugins/com.st.stm32cube.ide.mcu.externaltools.gnu-tools-for-stm32.13.3.rel1.linux64_1.0.0.202410170706/tools/bin/../lib/gcc/arm-none-eabi/13.3.1/thumb/v6-m/nofp/libgcc.a(_udivmoddi4.o)
                0x08000284                __udivmoddi4
 .text          0x0800041c       0x18 /opt/st/stm32cubeide_1.19.0/plugins/com.st.stm32cube.ide.mcu.externaltools.gnu-tools-for-stm32.13.3.rel1.linux64_1.0.0.202410170706/tools/bin/../lib/gcc/arm-none-eabi/13.3.1/thumb/v6-m/nofp/libgcc.a(_clzdi2.o)
                0x0800041c                __clzdi2
 .text          0x08000434       0x3c /opt/st/stm32cubeide_1.19.0/plugins/com.st.stm32cube.ide.mcu.externaltools.gnu-tools-for-stm32.13.3.rel1.linux64_1.0.0.202410170706/tools/bin/../lib/gcc/arm-none-eabi/13.3.1/thumb/v6-m/nofp/libgcc.a(_clzsi2.o)
                0x08000434                __clzsi2
 *(.text*)
 .text.main     0x08000470       0xd0 ./Core/Src/main.o
                0x08000470                main
 .text.SystemClock_Config
                0x08000540       0xd8 ./Core/Src/main.o
                0x08000540                SystemClock_Config
 .text.MX_ADC_Init
                0x08000618       0xe4 ./Core/Src/main.o
 .text.MX_LPUART1_UART_Init
                0x080006fc       0x5c ./Core/Src/main.o
 .text.MX_TIM21_Init
                0x08000758      0x100 ./Core/Src/main.o
 .text.MX_DMA_Init
                0x08000858       0x3c ./Core/Src/main.o
 .text.MX_GPIO_Init
                0x08000894       0x5c ./Core/Src/main.o
 .text.Error_Handler
                0x080008f0        0xc ./Core/Src/main.o
                0x080008f0                Error_Handler
 .text.HAL_MspInit
                0x080008fc       0x28 ./Core/Src/stm32l0xx_hal_msp.o
                0x080008fc                HAL_MspInit
 .text.HAL_ADC_MspInit
                0x08000924       0xd8 ./Core/Src/stm32l0xx_hal_msp.o
                0x08000924                HAL_ADC_MspInit
 .text.HAL_UART_MspInit
                0x080009fc       0x88 ./Core/Src/stm32l0xx_hal_msp.o
                0x080009fc                HAL_UART_MspInit
 .text.HAL_TIM_Base_MspInit
                0x08000a84       0x30 ./Core/Src/stm32l0xx_hal_msp.o
                0x08000a84                HAL_TIM_Base_MspInit
 .text.HAL_TIM_MspPostInit
                0x08000ab4       0x7c ./Core/Src/stm32l0xx_hal_msp.o
                0x08000ab4                HAL_TIM_MspPostInit
 .text.NMI_Handler
                0x08000b30        0x8 ./Core/Src/stm32l0xx_it.o
                0x08000b30                NMI_Handler
 .text.HardFault_Handler
                0x08000b38        0x8 ./Core/Src/stm32l0xx_it.o
                0x08000b38                HardFault_Handler
 .text.SVC_Handler
                0x08000b40        0xa ./Core/Src/stm32l0xx_it.o
                0x08000b40                SVC_Handler
 .text.PendSV_Handler
                0x08000b4a        0xa ./Core/Src/stm32l0xx_it.o
                0x08000b4a                PendSV_Handler
 .text.SysTick_Handler
                0x08000b54        0xe ./Core/Src/stm32l0xx_it.o
                0x08000b54                SysTick_Handler
 *fill*         0x08000b62        0x2 
 .text.DMA1_Channel1_IRQHandler
                0x08000b64       0x18 ./Core/Src/stm32l0xx_it.o
                0x08000b64                DMA1_Channel1_IRQHandler
 .text._sbrk    0x08000b7c       0x6c ./Core/Src/sysmem.o
                0x08000b7c                _sbrk
 .text.SystemInit
                0x08000be8        0xa ./Core/Src/system_stm32l0xx.o
                0x08000be8                SystemInit
 *fill*         0x08000bf2        0x2 
 .text.Reset_Handler
                0x08000bf4       0x50 ./Core/Startup/startup_stm32l031k6tx.o
                0x08000bf4                Reset_Handler
 .text.Default_Handler
                0x08000c44        0x2 ./Core/Startup/startup_stm32l031k6tx.o
                0x08000c44                ADC1_COMP_IRQHandler
                0x08000c44                PVD_IRQHandler
                0x08000c44                I2C1_IRQHandler
                0x08000c44                SPI1_IRQHandler
                0x08000c44                EXTI2_3_IRQHandler
                0x08000c44                RTC_IRQHandler
                0x08000c44                DMA1_Channel4_5_6_7_IRQHandler
                0x08000c44                EXTI4_15_IRQHandler
                0x08000c44                RCC_IRQHandler
                0x08000c44                Default_Handler
                0x08000c44                TIM22_IRQHandler
                0x08000c44                EXTI0_1_IRQHandler
                0x08000c44                TIM21_IRQHandler
                0x08000c44                WWDG_IRQHandler
                0x08000c44                LPUART1_IRQHandler
                0x08000c44                TIM2_IRQHandler
                0x08000c44                DMA1_Channel2_3_IRQHandler
                0x08000c44                USART2_IRQHandler
                0x08000c44                FLASH_IRQHandler
                0x08000c44                LPTIM1_IRQHandler
 *fill*         0x08000c46        0x2 
 .text.HAL_Init
                0x08000c48       0x40 ./Drivers/STM32L0xx_HAL_Driver/Src/stm32l0xx_hal.o
                0x08000c48                HAL_Init
 .text.HAL_InitTick
                0x08000c88       0x68 ./Drivers/STM32L0xx_HAL_Driver/Src/stm32l0xx_hal.o
                0x08000c88                HAL_InitTick
 .text.HAL_IncTick
                0x08000cf0       0x24 ./Drivers/STM32L0xx_HAL_Driver/Src/stm32l0xx_hal.o
                0x08000cf0                HAL_IncTick
 .text.HAL_GetTick
                0x08000d14       0x14 ./Drivers/STM32L0xx_HAL_Driver/Src/stm32l0xx_hal.o
                0x08000d14                HAL_GetTick
 .text.HAL_Delay
                0x08000d28       0x48 ./Drivers/STM32L0xx_HAL_Driver/Src/stm32l0xx_hal.o
                0x08000d28                HAL_Delay
 .text.HAL_ADC_Init
                0x08000d70      0x2e8 ./Drivers/STM32L0xx_HAL_Driver/Src/stm32l0xx_hal_adc.o
                0x08000d70                HAL_ADC_Init
 .text.HAL_ADC_Start
                0x08001058       0xa8 ./Drivers/STM32L0xx_HAL_Driver/Src/stm32l0xx_hal_adc.o
                0x08001058                HAL_ADC_Start
 .text.HAL_ADC_Start_DMA
                0x08001100      0x10c ./Drivers/STM32L0xx_HAL_Driver/Src/stm32l0xx_hal_adc.o
                0x08001100                HAL_ADC_Start_DMA
 .text.HAL_ADC_ConvCpltCallback
                0x0800120c       0x10 ./Drivers/STM32L0xx_HAL_Driver/Src/stm32l0xx_hal_adc.o
                0x0800120c                HAL_ADC_ConvCpltCallback
 .text.HAL_ADC_ConvHalfCpltCallback
                0x0800121c       0x10 ./Drivers/STM32L0xx_HAL_Driver/Src/stm32l0xx_hal_adc.o
                0x0800121c                HAL_ADC_ConvHalfCpltCallback
 .text.HAL_ADC_ErrorCallback
                0x0800122c       0x10 ./Drivers/STM32L0xx_HAL_Driver/Src/stm32l0xx_hal_adc.o
                0x0800122c                HAL_ADC_ErrorCallback
 .text.HAL_ADC_ConfigChannel
                0x0800123c      0x10c ./Drivers/STM32L0xx_HAL_Driver/Src/stm32l0xx_hal_adc.o
                0x0800123c                HAL_ADC_ConfigChannel
 .text.ADC_Enable
                0x08001348       0xd0 ./Drivers/STM32L0xx_HAL_Driver/Src/stm32l0xx_hal_adc.o
 .text.ADC_DMAConvCplt
                0x08001418       0xb4 ./Drivers/STM32L0xx_HAL_Driver/Src/stm32l0xx_hal_adc.o
 .text.ADC_DMAHalfConvCplt
                0x080014cc       0x1e ./Drivers/STM32L0xx_HAL_Driver/Src/stm32l0xx_hal_adc.o
 .text.ADC_DMAError
                0x080014ea       0x36 ./Drivers/STM32L0xx_HAL_Driver/Src/stm32l0xx_hal_adc.o
 .text.ADC_DelayMicroSecond
                0x08001520       0x40 ./Drivers/STM32L0xx_HAL_Driver/Src/stm32l0xx_hal_adc.o
 .text.__NVIC_EnableIRQ
                0x08001560       0x34 ./Drivers/STM32L0xx_HAL_Driver/Src/stm32l0xx_hal_cortex.o
 .text.__NVIC_SetPriority
                0x08001594       0xdc ./Drivers/STM32L0xx_HAL_Driver/Src/stm32l0xx_hal_cortex.o
 .text.SysTick_Config
                0x08001670       0x48 ./Drivers/STM32L0xx_HAL_Driver/Src/stm32l0xx_hal_cortex.o
 .text.HAL_NVIC_SetPriority
                0x080016b8       0x2a ./Drivers/STM32L0xx_HAL_Driver/Src/stm32l0xx_hal_cortex.o
                0x080016b8                HAL_NVIC_SetPriority
 .text.HAL_NVIC_EnableIRQ
                0x080016e2       0x20 ./Drivers/STM32L0xx_HAL_Driver/Src/stm32l0xx_hal_cortex.o
                0x080016e2                HAL_NVIC_EnableIRQ
 .text.HAL_SYSTICK_Config
                0x08001702       0x1a ./Drivers/STM32L0xx_HAL_Driver/Src/stm32l0xx_hal_cortex.o
                0x08001702                HAL_SYSTICK_Config
 .text.HAL_DMA_Init
                0x0800171c       0xf0 ./Drivers/STM32L0xx_HAL_Driver/Src/stm32l0xx_hal_dma.o
                0x0800171c                HAL_DMA_Init
 .text.HAL_DMA_Start_IT
                0x0800180c       0xcc ./Drivers/STM32L0xx_HAL_Driver/Src/stm32l0xx_hal_dma.o
                0x0800180c                HAL_DMA_Start_IT
 .text.HAL_DMA_IRQHandler
                0x080018d8      0x15c ./Drivers/STM32L0xx_HAL_Driver/Src/stm32l0xx_hal_dma.o
                0x080018d8                HAL_DMA_IRQHandler
 .text.DMA_SetConfig
                0x08001a34       0x5c ./Drivers/STM32L0xx_HAL_Driver/Src/stm32l0xx_hal_dma.o
 .text.HAL_GPIO_Init
                0x08001a90      0x2dc ./Drivers/STM32L0xx_HAL_Driver/Src/stm32l0xx_hal_gpio.o
                0x08001a90                HAL_GPIO_Init
 .text.HAL_RCC_OscConfig
                0x08001d6c      0x6f8 ./Drivers/STM32L0xx_HAL_Driver/Src/stm32l0xx_hal_rcc.o
                0x08001d6c                HAL_RCC_OscConfig
 .text.HAL_RCC_ClockConfig
                0x08002464      0x290 ./Drivers/STM32L0xx_HAL_Driver/Src/stm32l0xx_hal_rcc.o
                0x08002464                HAL_RCC_ClockConfig
 .text.HAL_RCC_GetSysClockFreq
                0x080026f4      0x10c ./Drivers/STM32L0xx_HAL_Driver/Src/stm32l0xx_hal_rcc.o
                0x080026f4                HAL_RCC_GetSysClockFreq
 .text.HAL_RCC_GetHCLKFreq
                0x08002800       0x14 ./Drivers/STM32L0xx_HAL_Driver/Src/stm32l0xx_hal_rcc.o
                0x08002800                HAL_RCC_GetHCLKFreq
 .text.HAL_RCC_GetPCLK1Freq
                0x08002814       0x2c ./Drivers/STM32L0xx_HAL_Driver/Src/stm32l0xx_hal_rcc.o
                0x08002814                HAL_RCC_GetPCLK1Freq
 .text.HAL_RCC_GetPCLK2Freq
                0x08002840       0x2c ./Drivers/STM32L0xx_HAL_Driver/Src/stm32l0xx_hal_rcc.o
                0x08002840                HAL_RCC_GetPCLK2Freq
 .text.HAL_RCCEx_PeriphCLKConfig
                0x0800286c      0x258 ./Drivers/STM32L0xx_HAL_Driver/Src/stm32l0xx_hal_rcc_ex.o
                0x0800286c                HAL_RCCEx_PeriphCLKConfig
 .text.HAL_TIM_Base_Init
                0x08002ac4       0x80 ./Drivers/STM32L0xx_HAL_Driver/Src/stm32l0xx_hal_tim.o
                0x08002ac4                HAL_TIM_Base_Init
 .text.HAL_TIM_PWM_Init
                0x08002b44       0x80 ./Drivers/STM32L0xx_HAL_Driver/Src/stm32l0xx_hal_tim.o
                0x08002b44                HAL_TIM_PWM_Init
 .text.HAL_TIM_PWM_MspInit
                0x08002bc4       0x10 ./Drivers/STM32L0xx_HAL_Driver/Src/stm32l0xx_hal_tim.o
                0x08002bc4                HAL_TIM_PWM_MspInit
 .text.HAL_TIM_PWM_ConfigChannel
                0x08002bd4      0x18c ./Drivers/STM32L0xx_HAL_Driver/Src/stm32l0xx_hal_tim.o
                0x08002bd4                HAL_TIM_PWM_ConfigChannel
 .text.HAL_TIM_ConfigClockSource
                0x08002d60      0x1a8 ./Drivers/STM32L0xx_HAL_Driver/Src/stm32l0xx_hal_tim.o
                0x08002d60                HAL_TIM_ConfigClockSource
 .text.TIM_Base_SetConfig
                0x08002f08       0xb4 ./Drivers/STM32L0xx_HAL_Driver/Src/stm32l0xx_hal_tim.o
 .text.TIM_OC1_SetConfig
                0x08002fbc       0x78 ./Drivers/STM32L0xx_HAL_Driver/Src/stm32l0xx_hal_tim.o
 .text.TIM_OC2_SetConfig
                0x08003034       0x84 ./Drivers/STM32L0xx_HAL_Driver/Src/stm32l0xx_hal_tim.o
 .text.TIM_OC3_SetConfig
                0x080030b8       0x80 ./Drivers/STM32L0xx_HAL_Driver/Src/stm32l0xx_hal_tim.o
 .text.TIM_OC4_SetConfig
                0x08003138       0x8c ./Drivers/STM32L0xx_HAL_Driver/Src/stm32l0xx_hal_tim.o
 .text.TIM_TI1_ConfigInputStage
                0x080031c4       0x5c ./Drivers/STM32L0xx_HAL_Driver/Src/stm32l0xx_hal_tim.o
 .text.TIM_TI2_ConfigInputStage
                0x08003220       0x64 ./Drivers/STM32L0xx_HAL_Driver/Src/stm32l0xx_hal_tim.o
 .text.TIM_ITRx_SetConfig
                0x08003284       0x32 ./Drivers/STM32L0xx_HAL_Driver/Src/stm32l0xx_hal_tim.o
 *fill*         0x080032b6        0x2 
 .text.TIM_ETR_SetConfig
                0x080032b8       0x40 ./Drivers/STM32L0xx_HAL_Driver/Src/stm32l0xx_hal_tim.o
 .text.HAL_TIMEx_MasterConfigSynchronization
                0x080032f8       0xb0 ./Drivers/STM32L0xx_HAL_Driver/Src/stm32l0xx_hal_tim_ex.o
                0x080032f8                HAL_TIMEx_MasterConfigSynchronization
 .text.HAL_UART_Init
                0x080033a8       0xa8 ./Drivers/STM32L0xx_HAL_Driver/Src/stm32l0xx_hal_uart.o
                0x080033a8                HAL_UART_Init
 .text.HAL_UART_Transmit
                0x08003450      0x13e ./Drivers/STM32L0xx_HAL_Driver/Src/stm32l0xx_hal_uart.o
                0x08003450                HAL_UART_Transmit
 *fill*         0x0800358e        0x2 
 .text.UART_SetConfig
                0x08003590      0x494 ./Drivers/STM32L0xx_HAL_Driver/Src/stm32l0xx_hal_uart.o
                0x08003590                UART_SetConfig
 .text.UART_AdvFeatureConfig
                0x08003a24      0x168 ./Drivers/STM32L0xx_HAL_Driver/Src/stm32l0xx_hal_uart.o
                0x08003a24                UART_AdvFeatureConfig
 .text.UART_CheckIdleState
                0x08003b8c      0x150 ./Drivers/STM32L0xx_HAL_Driver/Src/stm32l0xx_hal_uart.o
                0x08003b8c                UART_CheckIdleState
 .text.UART_WaitOnFlagUntilTimeout
                0x08003cdc       0xde ./Drivers/STM32L0xx_HAL_Driver/Src/stm32l0xx_hal_uart.o
                0x08003cdc                UART_WaitOnFlagUntilTimeout
 *fill*         0x08003dba        0x2 
 .text.UART_EndRxTransfer
                0x08003dbc       0xc8 ./Drivers/STM32L0xx_HAL_Driver/Src/stm32l0xx_hal_uart.o
 .text.sprintf  0x08003e84       0x44 /opt/st/stm32cubeide_1.19.0/plugins/com.st.stm32cube.ide.mcu.externaltools.gnu-tools-for-stm32.13.3.rel1.linux64_1.0.0.202410170706/tools/bin/../lib/gcc/arm-none-eabi/13.3.1/../../../../arm-none-eabi/lib/thumb/v6-m/nofp/libc_nano.a(libc_a-sprintf.o)
                0x08003e84                sprintf
                0x08003e84                siprintf
 .text.memset   0x08003ec8       0x10 /opt/st/stm32cubeide_1.19.0/plugins/com.st.stm32cube.ide.mcu.externaltools.gnu-tools-for-stm32.13.3.rel1.linux64_1.0.0.202410170706/tools/bin/../lib/gcc/arm-none-eabi/13.3.1/../../../../arm-none-eabi/lib/thumb/v6-m/nofp/libc_nano.a(libc_a-memset.o)
                0x08003ec8                memset
 .text.__errno  0x08003ed8        0xc /opt/st/stm32cubeide_1.19.0/plugins/com.st.stm32cube.ide.mcu.externaltools.gnu-tools-for-stm32.13.3.rel1.linux64_1.0.0.202410170706/tools/bin/../lib/gcc/arm-none-eabi/13.3.1/../../../../arm-none-eabi/lib/thumb/v6-m/nofp/libc_nano.a(libc_a-errno.o)
                0x08003ed8                __errno
 .text.__libc_init_array
                0x08003ee4       0x48 /opt/st/stm32cubeide_1.19.0/plugins/com.st.stm32cube.ide.mcu.externaltools.gnu-tools-for-stm32.13.3.rel1.linux64_1.0.0.202410170706/tools/bin/../lib/gcc/arm-none-eabi/13.3.1/../../../../arm-none-eabi/lib/thumb/v6-m/nofp/libc_nano.a(libc_a-init.o)
                0x08003ee4                __libc_init_array
 .text.__retarget_lock_acquire_recursive
                0x08003f2c        0x2 /opt/st/stm32cubeide_1.19.0/plugins/com.st.stm32cube.ide.mcu.externaltools.gnu-tools-for-stm32.13.3.rel1.linux64_1.0.0.202410170706/tools/bin/../lib/gcc/arm-none-eabi/13.3.1/../../../../arm-none-eabi/lib/thumb/v6-m/nofp/libc_nano.a(libc_a-lock.o)
                0x08003f2c                __retarget_lock_acquire_recursive
 .text.__retarget_lock_release_recursive
                0x08003f2e        0x2 /opt/st/stm32cubeide_1.19.0/plugins/com.st.stm32cube.ide.mcu.externaltools.gnu-tools-for-stm32.13.3.rel1.linux64_1.0.0.202410170706/tools/bin/../lib/gcc/arm-none-eabi/13.3.1/../../../../arm-none-eabi/lib/thumb/v6-m/nofp/libc_nano.a(libc_a-lock.o)
                0x08003f2e                __retarget_lock_release_recursive
 .text._free_r  0x08003f30       0x94 /opt/st/stm32cubeide_1.19.0/plugins/com.st.stm32cube.ide.mcu.externaltools.gnu-tools-for-stm32.13.3.rel1.linux64_1.0.0.202410170706/tools/bin/../lib/gcc/arm-none-eabi/13.3.1/../../../../arm-none-eabi/lib/thumb/v6-m/nofp/libc_nano.a(libc_a-freer.o)
                0x08003f30                _free_r
 .text.sbrk_aligned
                0x08003fc4       0x44 /opt/st/stm32cubeide_1.19.0/plugins/com.st.stm32cube.ide.mcu.externaltools.gnu-tools-for-stm32.13.3.rel1.linux64_1.0.0.202410170706/tools/bin/../lib/gcc/arm-none-eabi/13.3.1/../../../../arm-none-eabi/lib/thumb/v6-m/nofp/libc_nano.a(libc_a-mallocr.o)
 .text._malloc_r
                0x08004008      0x100 /opt/st/stm32cubeide_1.19.0/plugins/com.st.stm32cube.ide.mcu.externaltools.gnu-tools-for-stm32.13.3.rel1.linux64_1.0.0.202410170706/tools/bin/../lib/gcc/arm-none-eabi/13.3.1/../../../../arm-none-eabi/lib/thumb/v6-m/nofp/libc_nano.a(libc_a-mallocr.o)
                0x08004008                _malloc_r
 .text.__malloc_lock
                0x08004108       0x10 /opt/st/stm32cubeide_1.19.0/plugins/com.st.stm32cube.ide.mcu.externaltools.gnu-tools-for-stm32.13.3.rel1.linux64_1.0.0.202410170706/tools/bin/../lib/gcc/arm-none-eabi/13.3.1/../../../../arm-none-eabi/lib/thumb/v6-m/nofp/libc_nano.a(libc_a-mlock.o)
                0x08004108                __malloc_lock
 .text.__malloc_unlock
                0x08004118       0x10 /opt/st/stm32cubeide_1.19.0/plugins/com.st.stm32cube.ide.mcu.externaltools.gnu-tools-for-stm32.13.3.rel1.linux64_1.0.0.202410170706/tools/bin/../lib/gcc/arm-none-eabi/13.3.1/../../../../arm-none-eabi/lib/thumb/v6-m/nofp/libc_nano.a(libc_a-mlock.o)
                0x08004118                __malloc_unlock
 .text.__ssputs_r
                0x08004128       0xc0 /opt/st/stm32cubeide_1.19.0/plugins/com.st.stm32cube.ide.mcu.externaltools.gnu-tools-for-stm32.13.3.rel1.linux64_1.0.0.202410170706/tools/bin/../lib/gcc/arm-none-eabi/13.3.1/../../../../arm-none-eabi/lib/thumb/v6-m/nofp/libc_nano.a(libc_a-nano-svfprintf.o)
                0x08004128                __ssputs_r
 .text._svfprintf_r
                0x080041e8      0x1fc /opt/st/stm32cubeide_1.19.0/plugins/com.st.stm32cube.ide.mcu.externaltools.gnu-tools-for-stm32.13.3.rel1.linux64_1.0.0.202410170706/tools/bin/../lib/gcc/arm-none-eabi/13.3.1/../../../../arm-none-eabi/lib/thumb/v6-m/nofp/libc_nano.a(libc_a-nano-svfprintf.o)
                0x080041e8                _svfprintf_r
                0x080041e8                _svfiprintf_r
 .text._printf_common
                0x080043e4       0xde /opt/st/stm32cubeide_1.19.0/plugins/com.st.stm32cube.ide.mcu.externaltools.gnu-tools-for-stm32.13.3.rel1.linux64_1.0.0.202410170706/tools/bin/../lib/gcc/arm-none-eabi/13.3.1/../../../../arm-none-eabi/lib/thumb/v6-m/nofp/libc_nano.a(libc_a-nano-vfprintf_i.o)
                0x080043e4                _printf_common
 *fill*         0x080044c2        0x2 
 .text._printf_i
                0x080044c4      0x218 /opt/st/stm32cubeide_1.19.0/plugins/com.st.stm32cube.ide.mcu.externaltools.gnu-tools-for-stm32.13.3.rel1.linux64_1.0.0.202410170706/tools/bin/../lib/gcc/arm-none-eabi/13.3.1/../../../../arm-none-eabi/lib/thumb/v6-m/nofp/libc_nano.a(libc_a-nano-vfprintf_i.o)
                0x080044c4                _printf_i
 .text.memmove  0x080046dc       0x24 /opt/st/stm32cubeide_1.19.0/plugins/com.st.stm32cube.ide.mcu.externaltools.gnu-tools-for-stm32.13.3.rel1.linux64_1.0.0.202410170706/tools/bin/../lib/gcc/arm-none-eabi/13.3.1/../../../../arm-none-eabi/lib/thumb/v6-m/nofp/libc_nano.a(libc_a-memmove.o)
                0x080046dc                memmove
 .text._sbrk_r  0x08004700       0x24 /opt/st/stm32cubeide_1.19.0/plugins/com.st.stm32cube.ide.mcu.externaltools.gnu-tools-for-stm32.13.3.rel1.linux64_1.0.0.202410170706/tools/bin/../lib/gcc/arm-none-eabi/13.3.1/../../../../arm-none-eabi/lib/thumb/v6-m/nofp/libc_nano.a(libc_a-sbrkr.o)
                0x08004700                _sbrk_r
 .text.memchr   0x08004724       0x16 /opt/st/stm32cubeide_1.19.0/plugins/com.st.stm32cube.ide.mcu.externaltools.gnu-tools-for-stm32.13.3.rel1.linux64_1.0.0.202410170706/tools/bin/../lib/gcc/arm-none-eabi/13.3.1/../../../../arm-none-eabi/lib/thumb/v6-m/nofp/libc_nano.a(libc_a-memchr-stub.o)
                0x08004724                memchr
 .text.memcpy   0x0800473a       0x12 /opt/st/stm32cubeide_1.19.0/plugins/com.st.stm32cube.ide.mcu.externaltools.gnu-tools-for-stm32.13.3.rel1.linux64_1.0.0.202410170706/tools/bin/../lib/gcc/arm-none-eabi/13.3.1/../../../../arm-none-eabi/lib/thumb/v6-m/nofp/libc_nano.a(libc_a-memcpy-stub.o)
                0x0800473a                memcpy
 .text._realloc_r
                0x0800474c       0x60 /opt/st/stm32cubeide_1.19.0/plugins/com.st.stm32cube.ide.mcu.externaltools.gnu-tools-for-stm32.13.3.rel1.linux64_1.0.0.202410170706/tools/bin/../lib/gcc/arm-none-eabi/13.3.1/../../../../arm-none-eabi/lib/thumb/v6-m/nofp/libc_nano.a(libc_a-reallocr.o)
                0x0800474c                _realloc_r
 .text._malloc_usable_size_r
                0x080047ac       0x10 /opt/st/stm32cubeide_1.19.0/plugins/com.st.stm32cube.ide.mcu.externaltools.gnu-tools-for-stm32.13.3.rel1.linux64_1.0.0.202410170706/tools/bin/../lib/gcc/arm-none-eabi/13.3.1/../../../../arm-none-eabi/lib/thumb/v6-m/nofp/libc_nano.a(libc_a-msizer.o)
                0x080047ac                _malloc_usable_size_r
 *(.glue_7)
 .glue_7        0x080047bc        0x0 linker stubs
 *(.glue_7t)
 .glue_7t       0x080047bc        0x0 linker stubs
 *(.eh_frame)
 .eh_frame      0x080047bc        0x0 /opt/st/stm32cubeide_1.19.0/plugins/com.st.stm32cube.ide.mcu.externaltools.gnu-tools-for-stm32.13.3.rel1.linux64_1.0.0.202410170706/tools/bin/../lib/gcc/arm-none-eabi/13.3.1/thumb/v6-m/nofp/crtbegin.o
 *(.init)
 .init          0x080047bc        0x4 /opt/st/stm32cubeide_1.19.0/plugins/com.st.stm32cube.ide.mcu.externaltools.gnu-tools-for-stm32.13.3.rel1.linux64_1.0.0.202410170706/tools/bin/../lib/gcc/arm-none-eabi/13.3.1/thumb/v6-m/nofp/crti.o
                0x080047bc                _init
 .init          0x080047c0        0x8 /opt/st/stm32cubeide_1.19.0/plugins/com.st.stm32cube.ide.mcu.externaltools.gnu-tools-for-stm32.13.3.rel1.linux64_1.0.0.202410170706/tools/bin/../lib/gcc/arm-none-eabi/13.3.1/thumb/v6-m/nofp/crtn.o
 *(.fini)
 .fini          0x080047c8        0x4 /opt/st/stm32cubeide_1.19.0/plugins/com.st.stm32cube.ide.mcu.externaltools.gnu-tools-for-stm32.13.3.rel1.linux64_1.0.0.202410170706/tools/bin/../lib/gcc/arm-none-eabi/13.3.1/thumb/v6-m/nofp/crti.o
                0x080047c8                _fini
 .fini          0x080047cc        0x8 /opt/st/stm32cubeide_1.19.0/plugins/com.st.stm32cube.ide.mcu.externaltools.gnu-tools-for-stm32.13.3.rel1.linux64_1.0.0.202410170706/tools/bin/../lib/gcc/arm-none-eabi/13.3.1/thumb/v6-m/nofp/crtn.o
                0x080047d4                        . = ALIGN (0x4)
                0x080047d4                        _etext = .

.vfp11_veneer   0x080047d4        0x0
 .vfp11_veneer  0x080047d4        0x0 linker stubs

.v4_bx          0x080047d4        0x0
 .v4_bx         0x080047d4        0x0 linker stubs

.iplt           0x080047d4        0x0
 .iplt          0x080047d4        0x0 /opt/st/stm32cubeide_1.19.0/plugins/com.st.stm32cube.ide.mcu.externaltools.gnu-tools-for-stm32.13.3.rel1.linux64_1.0.0.202410170706/tools/bin/../lib/gcc/arm-none-eabi/13.3.1/thumb/v6-m/nofp/crtbegin.o

.rodata         0x080047d4       0xc8
                0x080047d4                        . = ALIGN (0x4)
 *(.rodata)
 .rodata        0x080047d4       0x25 ./Core/Src/main.o
 *(.rodata*)
 *fill*         0x080047f9        0x3 
 .rodata.AHBPrescTable
                0x080047fc       0x10 ./Core/Src/system_stm32l0xx.o
                0x080047fc                AHBPrescTable
 .rodata.APBPrescTable
                0x0800480c        0x8 ./Core/Src/system_stm32l0xx.o
                0x0800480c                APBPrescTable
 .rodata.PLLMulTable
                0x08004814        0x9 ./Core/Src/system_stm32l0xx.o
                0x08004814                PLLMulTable
 *fill*         0x0800481d        0x3 
 .rodata.UART_SetConfig
                0x08004820       0x48 ./Drivers/STM32L0xx_HAL_Driver/Src/stm32l0xx_hal_uart.o
 .rodata._svfprintf_r.str1.1
                0x08004868       0x33 /opt/st/stm32cubeide_1.19.0/plugins/com.st.stm32cube.ide.mcu.externaltools.gnu-tools-for-stm32.13.3.rel1.linux64_1.0.0.202410170706/tools/bin/../lib/gcc/arm-none-eabi/13.3.1/../../../../arm-none-eabi/lib/thumb/v6-m/nofp/libc_nano.a(libc_a-nano-svfprintf.o)
                                 0x11 (size before relaxing)
 .rodata._printf_i.str1.1
                0x0800489b       0x22 /opt/st/stm32cubeide_1.19.0/plugins/com.st.stm32cube.ide.mcu.externaltools.gnu-tools-for-stm32.13.3.rel1.linux64_1.0.0.202410170706/tools/bin/../lib/gcc/arm-none-eabi/13.3.1/../../../../arm-none-eabi/lib/thumb/v6-m/nofp/libc_nano.a(libc_a-nano-vfprintf_i.o)
                0x080048c0                        . = ALIGN (0x4)
 *fill*         0x0800489b        0x1 

.ARM.extab      0x0800489c        0x0
                0x0800489c                        . = ALIGN (0x4)
 *(.ARM.extab* .gnu.linkonce.armextab.*)
                0x0800489c                        . = ALIGN (0x4)

.ARM            0x0800489c        0x8
                0x0800489c                        . = ALIGN (0x4)
                0x0800489c                        __exidx_start = .
 *(.ARM.exidx*)
 .ARM.exidx     0x0800489c        0x8 /opt/st/stm32cubeide_1.19.0/plugins/com.st.stm32cube.ide.mcu.externaltools.gnu-tools-for-stm32.13.3.rel1.linux64_1.0.0.202410170706/tools/bin/../lib/gcc/arm-none-eabi/13.3.1/thumb/v6-m/nofp/libgcc.a(_udivmoddi4.o)
                0x080048a4                        __exidx_end = .
                0x080048a4                        . = ALIGN (0x4)

.preinit_array  0x080048a4        0x0
                0x080048a4                        . = ALIGN (0x4)
                0x080048a4                        PROVIDE (__preinit_array_start = .)
 *(.preinit_array*)
                0x080048a4                        PROVIDE (__preinit_array_end = .)
                0x080048a4                        . = ALIGN (0x4)

.init_array     0x080048a4        0x4
                0x080048a4                        . = ALIGN (0x4)
                0x080048a4                        PROVIDE (__init_array_start = .)
 *(SORT_BY_NAME(.init_array.*))
 *(.init_array*)
 .init_array    0x080048a4        0x4 /opt/st/stm32cubeide_1.19.0/plugins/com.st.stm32cube.ide.mcu.externaltools.gnu-tools-for-stm32.13.3.rel1.linux64_1.0.0.202410170706/tools/bin/../lib/gcc/arm-none-eabi/13.3.1/thumb/v6-m/nofp/crtbegin.o
                0x080048a8                        PROVIDE (__init_array_end = .)
                0x080048a8                        . = ALIGN (0x4)

.fini_array     0x080048a8        0x4
                0x080048a8                        . = ALIGN (0x4)
                [!provide]                        PROVIDE (__fini_array_start = .)
 *(SORT_BY_NAME(.fini_array.*))
 *(.fini_array*)
 .fini_array    0x080048a8        0x4 /opt/st/stm32cubeide_1.19.0/plugins/com.st.stm32cube.ide.mcu.externaltools.gnu-tools-for-stm32.13.3.rel1.linux64_1.0.0.202410170706/tools/bin/../lib/gcc/arm-none-eabi/13.3.1/thumb/v6-m/nofp/crtbegin.o
                [!provide]                        PROVIDE (__fini_array_end = .)
                0x080048ac                        . = ALIGN (0x4)
                0x080048ac                        _sidata = LOADADDR (.data)

.rel.dyn        0x080048ac        0x0
 .rel.iplt      0x080048ac        0x0 /opt/st/stm32cubeide_1.19.0/plugins/com.st.stm32cube.ide.mcu.externaltools.gnu-tools-for-stm32.13.3.rel1.linux64_1.0.0.202410170706/tools/bin/../lib/gcc/arm-none-eabi/13.3.1/thumb/v6-m/nofp/crtbegin.o

.data           0x20000000       0x5c load address 0x080048ac
                0x20000000                        . = ALIGN (0x4)
                0x20000000                        _sdata = .
 *(.data)
 *(.data*)
 .data.SystemCoreClock
                0x20000000        0x4 ./Core/Src/system_stm32l0xx.o
                0x20000000                SystemCoreClock
 .data.uwTickPrio
                0x20000004        0x4 ./Drivers/STM32L0xx_HAL_Driver/Src/stm32l0xx_hal.o
                0x20000004                uwTickPrio
 .data.uwTickFreq
                0x20000008        0x1 ./Drivers/STM32L0xx_HAL_Driver/Src/stm32l0xx_hal.o
                0x20000008                uwTickFreq
 *fill*         0x20000009        0x3 
 .data._impure_ptr
                0x2000000c        0x4 /opt/st/stm32cubeide_1.19.0/plugins/com.st.stm32cube.ide.mcu.externaltools.gnu-tools-for-stm32.13.3.rel1.linux64_1.0.0.202410170706/tools/bin/../lib/gcc/arm-none-eabi/13.3.1/../../../../arm-none-eabi/lib/thumb/v6-m/nofp/libc_nano.a(libc_a-impure.o)
                0x2000000c                _impure_ptr
 .data._impure_data
                0x20000010       0x4c /opt/st/stm32cubeide_1.19.0/plugins/com.st.stm32cube.ide.mcu.externaltools.gnu-tools-for-stm32.13.3.rel1.linux64_1.0.0.202410170706/tools/bin/../lib/gcc/arm-none-eabi/13.3.1/../../../../arm-none-eabi/lib/thumb/v6-m/nofp/libc_nano.a(libc_a-impure.o)
                0x20000010                _impure_data
 *(.RamFunc)
 *(.RamFunc*)
                0x2000005c                        . = ALIGN (0x4)
                0x2000005c                        _edata = .

.igot.plt       0x2000005c        0x0 load address 0x08004908
 .igot.plt      0x2000005c        0x0 /opt/st/stm32cubeide_1.19.0/plugins/com.st.stm32cube.ide.mcu.externaltools.gnu-tools-for-stm32.13.3.rel1.linux64_1.0.0.202410170706/tools/bin/../lib/gcc/arm-none-eabi/13.3.1/thumb/v6-m/nofp/crtbegin.o
                0x2000005c                        . = ALIGN (0x4)

.bss            0x2000005c      0x2d8 load address 0x08004908
                0x2000005c                        _sbss = .
                0x2000005c                        __bss_start__ = _sbss
 *(.bss)
 .bss           0x2000005c       0x1c /opt/st/stm32cubeide_1.19.0/plugins/com.st.stm32cube.ide.mcu.externaltools.gnu-tools-for-stm32.13.3.rel1.linux64_1.0.0.202410170706/tools/bin/../lib/gcc/arm-none-eabi/13.3.1/thumb/v6-m/nofp/crtbegin.o
 *(.bss*)
 .bss.hadc      0x20000078       0x5c ./Core/Src/main.o
                0x20000078                hadc
 .bss.hdma_adc  0x200000d4       0x48 ./Core/Src/main.o
                0x200000d4                hdma_adc
 .bss.hlpuart1  0x2000011c       0x88 ./Core/Src/main.o
                0x2000011c                hlpuart1
 .bss.htim21    0x200001a4       0x40 ./Core/Src/main.o
                0x200001a4                htim21
 .bss.__sbrk_heap_end
                0x200001e4        0x4 ./Core/Src/sysmem.o
 .bss.uwTick    0x200001e8        0x4 ./Drivers/STM32L0xx_HAL_Driver/Src/stm32l0xx_hal.o
                0x200001e8                uwTick
 .bss.__sf      0x200001ec      0x138 /opt/st/stm32cubeide_1.19.0/plugins/com.st.stm32cube.ide.mcu.externaltools.gnu-tools-for-stm32.13.3.rel1.linux64_1.0.0.202410170706/tools/bin/../lib/gcc/arm-none-eabi/13.3.1/../../../../arm-none-eabi/lib/thumb/v6-m/nofp/libc_nano.a(libc_a-findfp.o)
                0x200001ec                __sf
 .bss.errno     0x20000324        0x4 /opt/st/stm32cubeide_1.19.0/plugins/com.st.stm32cube.ide.mcu.externaltools.gnu-tools-for-stm32.13.3.rel1.linux64_1.0.0.202410170706/tools/bin/../lib/gcc/arm-none-eabi/13.3.1/../../../../arm-none-eabi/lib/thumb/v6-m/nofp/libc_nano.a(libc_a-reent.o)
                0x20000324                errno
 .bss.__lock___malloc_recursive_mutex
                0x20000328        0x1 /opt/st/stm32cubeide_1.19.0/plugins/com.st.stm32cube.ide.mcu.externaltools.gnu-tools-for-stm32.13.3.rel1.linux64_1.0.0.202410170706/tools/bin/../lib/gcc/arm-none-eabi/13.3.1/../../../../arm-none-eabi/lib/thumb/v6-m/nofp/libc_nano.a(libc_a-lock.o)
                0x20000328                __lock___malloc_recursive_mutex
 *fill*         0x20000329        0x3 
 .bss.__malloc_sbrk_start
                0x2000032c        0x4 /opt/st/stm32cubeide_1.19.0/plugins/com.st.stm32cube.ide.mcu.externaltools.gnu-tools-for-stm32.13.3.rel1.linux64_1.0.0.202410170706/tools/bin/../lib/gcc/arm-none-eabi/13.3.1/../../../../arm-none-eabi/lib/thumb/v6-m/nofp/libc_nano.a(libc_a-mallocr.o)
                0x2000032c                __malloc_sbrk_start
 .bss.__malloc_free_list
                0x20000330        0x4 /opt/st/stm32cubeide_1.19.0/plugins/com.st.stm32cube.ide.mcu.externaltools.gnu-tools-for-stm32.13.3.rel1.linux64_1.0.0.202410170706/tools/bin/../lib/gcc/arm-none-eabi/13.3.1/../../../../arm-none-eabi/lib/thumb/v6-m/nofp/libc_nano.a(libc_a-mallocr.o)
                0x20000330                __malloc_free_list
 *(COMMON)
                0x20000334                        . = ALIGN (0x4)
                0x20000334                        _ebss = .
                0x20000334                        __bss_end__ = _ebss

._user_heap_stack
                0x20000334      0x604 load address 0x08004908
                0x20000338                        . = ALIGN (0x8)
 *fill*         0x20000334        0x4 
                [!provide]                        PROVIDE (end = .)
                0x20000338                        PROVIDE (_end = .)
                0x20000538                        . = (. + _Min_Heap_Size)
 *fill*         0x20000338      0x200 
                0x20000938                        . = (. + _Min_Stack_Size)
 *fill*         0x20000538      0x400 
                0x20000938                        . = ALIGN (0x8)

/DISCARD/
 libc.a(*)
 libm.a(*)
 libgcc.a(*)

.ARM.attributes
                0x00000000       0x28
 *(.ARM.attributes)
 .ARM.attributes
                0x00000000       0x1e /opt/st/stm32cubeide_1.19.0/plugins/com.st.stm32cube.ide.mcu.externaltools.gnu-tools-for-stm32.13.3.rel1.linux64_1.0.0.202410170706/tools/bin/../lib/gcc/arm-none-eabi/13.3.1/thumb/v6-m/nofp/crti.o
 .ARM.attributes
                0x0000001e       0x2c /opt/st/stm32cubeide_1.19.0/plugins/com.st.stm32cube.ide.mcu.externaltools.gnu-tools-for-stm32.13.3.rel1.linux64_1.0.0.202410170706/tools/bin/../lib/gcc/arm-none-eabi/13.3.1/thumb/v6-m/nofp/crtbegin.o
 .ARM.attributes
                0x0000004a       0x2c ./Core/Src/main.o
 .ARM.attributes
                0x00000076       0x2c ./Core/Src/stm32l0xx_hal_msp.o
 .ARM.attributes
                0x000000a2       0x2c ./Core/Src/stm32l0xx_it.o
 .ARM.attributes
                0x000000ce       0x2c ./Core/Src/sysmem.o
 .ARM.attributes
                0x000000fa       0x2c ./Core/Src/system_stm32l0xx.o
 .ARM.attributes
                0x00000126       0x22 ./Core/Startup/startup_stm32l031k6tx.o
 .ARM.attributes
                0x00000148       0x2c ./Drivers/STM32L0xx_HAL_Driver/Src/stm32l0xx_hal.o
 .ARM.attributes
                0x00000174       0x2c ./Drivers/STM32L0xx_HAL_Driver/Src/stm32l0xx_hal_adc.o
 .ARM.attributes
                0x000001a0       0x2c ./Drivers/STM32L0xx_HAL_Driver/Src/stm32l0xx_hal_cortex.o
 .ARM.attributes
                0x000001cc       0x2c ./Drivers/STM32L0xx_HAL_Driver/Src/stm32l0xx_hal_dma.o
 .ARM.attributes
                0x000001f8       0x2c ./Drivers/STM32L0xx_HAL_Driver/Src/stm32l0xx_hal_gpio.o
 .ARM.attributes
                0x00000224       0x2c ./Drivers/STM32L0xx_HAL_Driver/Src/stm32l0xx_hal_rcc.o
 .ARM.attributes
                0x00000250       0x2c ./Drivers/STM32L0xx_HAL_Driver/Src/stm32l0xx_hal_rcc_ex.o
 .ARM.attributes
                0x0000027c       0x2c ./Drivers/STM32L0xx_HAL_Driver/Src/stm32l0xx_hal_tim.o
 .ARM.attributes
                0x000002a8       0x2c ./Drivers/STM32L0xx_HAL_Driver/Src/stm32l0xx_hal_tim_ex.o
 .ARM.attributes
                0x000002d4       0x2c ./Drivers/STM32L0xx_HAL_Driver/Src/stm32l0xx_hal_uart.o
 .ARM.attributes
                0x00000300       0x2c /opt/st/stm32cubeide_1.19.0/plugins/com.st.stm32cube.ide.mcu.externaltools.gnu-tools-for-stm32.13.3.rel1.linux64_1.0.0.202410170706/tools/bin/../lib/gcc/arm-none-eabi/13.3.1/../../../../arm-none-eabi/lib/thumb/v6-m/nofp/libc_nano.a(libc_a-findfp.o)
 .ARM.attributes
                0x0000032c       0x2c /opt/st/stm32cubeide_1.19.0/plugins/com.st.stm32cube.ide.mcu.externaltools.gnu-tools-for-stm32.13.3.rel1.linux64_1.0.0.202410170706/tools/bin/../lib/gcc/arm-none-eabi/13.3.1/../../../../arm-none-eabi/lib/thumb/v6-m/nofp/libc_nano.a(libc_a-sprintf.o)
 .ARM.attributes
                0x00000358       0x2c /opt/st/stm32cubeide_1.19.0/plugins/com.st.stm32cube.ide.mcu.externaltools.gnu-tools-for-stm32.13.3.rel1.linux64_1.0.0.202410170706/tools/bin/../lib/gcc/arm-none-eabi/13.3.1/../../../../arm-none-eabi/lib/thumb/v6-m/nofp/libc_nano.a(libc_a-memset.o)
 .ARM.attributes
                0x00000384       0x2c /opt/st/stm32cubeide_1.19.0/plugins/com.st.stm32cube.ide.mcu.externaltools.gnu-tools-for-stm32.13.3.rel1.linux64_1.0.0.202410170706/tools/bin/../lib/gcc/arm-none-eabi/13.3.1/../../../../arm-none-eabi/lib/thumb/v6-m/nofp/libc_nano.a(libc_a-reent.o)
 .ARM.attributes
                0x000003b0       0x2c /opt/st/stm32cubeide_1.19.0/plugins/com.st.stm32cube.ide.mcu.externaltools.gnu-tools-for-stm32.13.3.rel1.linux64_1.0.0.202410170706/tools/bin/../lib/gcc/arm-none-eabi/13.3.1/../../../../arm-none-eabi/lib/thumb/v6-m/nofp/libc_nano.a(libc_a-impure.o)
 .ARM.attributes
                0x000003dc       0x2c /opt/st/stm32cubeide_1.19.0/plugins/com.st.stm32cube.ide.mcu.externaltools.gnu-tools-for-stm32.13.3.rel1.linux64_1.0.0.202410170706/tools/bin/../lib/gcc/arm-none-eabi/13.3.1/../../../../arm-none-eabi/lib/thumb/v6-m/nofp/libc_nano.a(libc_a-errno.o)
 .ARM.attributes
                0x00000408       0x2c /opt/st/stm32cubeide_1.19.0/plugins/com.st.stm32cube.ide.mcu.externaltools.gnu-tools-for-stm32.13.3.rel1.linux64_1.0.0.202410170706/tools/bin/../lib/gcc/arm-none-eabi/13.3.1/../../../../arm-none-eabi/lib/thumb/v6-m/nofp/libc_nano.a(libc_a-init.o)
 .ARM.attributes
                0x00000434       0x2c /opt/st/stm32cubeide_1.19.0/plugins/com.st.stm32cube.ide.mcu.externaltools.gnu-tools-for-stm32.13.3.rel1.linux64_1.0.0.202410170706/tools/bin/../lib/gcc/arm-none-eabi/13.3.1/../../../../arm-none-eabi/lib/thumb/v6-m/nofp/libc_nano.a(libc_a-lock.o)
 .ARM.attributes
                0x00000460       0x1c /opt/st/stm32cubeide_1.19.0/plugins/com.st.stm32cube.ide.mcu.externaltools.gnu-tools-for-stm32.13.3.rel1.linux64_1.0.0.202410170706/tools/bin/../lib/gcc/arm-none-eabi/13.3.1/../../../../arm-none-eabi/lib/thumb/v6-m/nofp/libc_nano.a(libc_a-strlen.o)
 .ARM.attributes
                0x0000047c       0x2c /opt/st/stm32cubeide_1.19.0/plugins/com.st.stm32cube.ide.mcu.externaltools.gnu-tools-for-stm32.13.3.rel1.linux64_1.0.0.202410170706/tools/bin/../lib/gcc/arm-none-eabi/13.3.1/../../../../arm-none-eabi/lib/thumb/v6-m/nofp/libc_nano.a(libc_a-freer.o)
 .ARM.attributes
                0x000004a8       0x2c /opt/st/stm32cubeide_1.19.0/plugins/com.st.stm32cube.ide.mcu.externaltools.gnu-tools-for-stm32.13.3.rel1.linux64_1.0.0.202410170706/tools/bin/../lib/gcc/arm-none-eabi/13.3.1/../../../../arm-none-eabi/lib/thumb/v6-m/nofp/libc_nano.a(libc_a-mallocr.o)
 .ARM.attributes
                0x000004d4       0x2c /opt/st/stm32cubeide_1.19.0/plugins/com.st.stm32cube.ide.mcu.externaltools.gnu-tools-for-stm32.13.3.rel1.linux64_1.0.0.202410170706/tools/bin/../lib/gcc/arm-none-eabi/13.3.1/../../../../arm-none-eabi/lib/thumb/v6-m/nofp/libc_nano.a(libc_a-mlock.o)
 .ARM.attributes
                0x00000500       0x2c /opt/st/stm32cubeide_1.19.0/plugins/com.st.stm32cube.ide.mcu.externaltools.gnu-tools-for-stm32.13.3.rel1.linux64_1.0.0.202410170706/tools/bin/../lib/gcc/arm-none-eabi/13.3.1/../../../../arm-none-eabi/lib/thumb/v6-m/nofp/libc_nano.a(libc_a-nano-svfprintf.o)
 .ARM.attributes
                0x0000052c       0x2c /opt/st/stm32cubeide_1.19.0/plugins/com.st.stm32cube.ide.mcu.externaltools.gnu-tools-for-stm32.13.3.rel1.linux64_1.0.0.202410170706/tools/bin/../lib/gcc/arm-none-eabi/13.3.1/../../../../arm-none-eabi/lib/thumb/v6-m/nofp/libc_nano.a(libc_a-nano-vfprintf_i.o)
 .ARM.attributes
                0x00000558       0x2c /opt/st/stm32cubeide_1.19.0/plugins/com.st.stm32cube.ide.mcu.externaltools.gnu-tools-for-stm32.13.3.rel1.linux64_1.0.0.202410170706/tools/bin/../lib/gcc/arm-none-eabi/13.3.1/../../../../arm-none-eabi/lib/thumb/v6-m/nofp/libc_nano.a(libc_a-memmove.o)
 .ARM.attributes
                0x00000584       0x2c /opt/st/stm32cubeide_1.19.0/plugins/com.st.stm32cube.ide.mcu.externaltools.gnu-tools-for-stm32.13.3.rel1.linux64_1.0.0.202410170706/tools/bin/../lib/gcc/arm-none-eabi/13.3.1/../../../../arm-none-eabi/lib/thumb/v6-m/nofp/libc_nano.a(libc_a-sbrkr.o)
 .ARM.attributes
                0x000005b0       0x2c /opt/st/stm32cubeide_1.19.0/plugins/com.st.stm32cube.ide.mcu.externaltools.gnu-tools-for-stm32.13.3.rel1.linux64_1.0.0.202410170706/tools/bin/../lib/gcc/arm-none-eabi/13.3.1/../../../../arm-none-eabi/lib/thumb/v6-m/nofp/libc_nano.a(libc_a-memchr-stub.o)
 .ARM.attributes
                0x000005dc       0x2c /opt/st/stm32cubeide_1.19.0/plugins/com.st.stm32cube.ide.mcu.externaltools.gnu-tools-for-stm32.13.3.rel1.linux64_1.0.0.202410170706/tools/bin/../lib/gcc/arm-none-eabi/13.3.1/../../../../arm-none-eabi/lib/thumb/v6-m/nofp/libc_nano.a(libc_a-memcpy-stub.o)
 .ARM.attributes
                0x00000608       0x2c /opt/st/stm32cubeide_1.19.0/plugins/com.st.stm32cube.ide.mcu.externaltools.gnu-tools-for-stm32.13.3.rel1.linux64_1.0.0.202410170706/tools/bin/../lib/gcc/arm-none-eabi/13.3.1/../../../../arm-none-eabi/lib/thumb/v6-m/nofp/libc_nano.a(libc_a-reallocr.o)
 .ARM.attributes
                0x00000634       0x2c /opt/st/stm32cubeide_1.19.0/plugins/com.st.stm32cube.ide.mcu.externaltools.gnu-tools-for-stm32.13.3.rel1.linux64_1.0.0.202410170706/tools/bin/../lib/gcc/arm-none-eabi/13.3.1/../../../../arm-none-eabi/lib/thumb/v6-m/nofp/libc_nano.a(libc_a-msizer.o)
 .ARM.attributes
                0x00000660       0x1e /opt/st/stm32cubeide_1.19.0/plugins/com.st.stm32cube.ide.mcu.externaltools.gnu-tools-for-stm32.13.3.rel1.linux64_1.0.0.202410170706/tools/bin/../lib/gcc/arm-none-eabi/13.3.1/thumb/v6-m/nofp/libgcc.a(_thumb1_case_shi.o)
 .ARM.attributes
                0x0000067e       0x1e /opt/st/stm32cubeide_1.19.0/plugins/com.st.stm32cube.ide.mcu.externaltools.gnu-tools-for-stm32.13.3.rel1.linux64_1.0.0.202410170706/tools/bin/../lib/gcc/arm-none-eabi/13.3.1/thumb/v6-m/nofp/libgcc.a(_udivsi3.o)
 .ARM.attributes
                0x0000069c       0x1e /opt/st/stm32cubeide_1.19.0/plugins/com.st.stm32cube.ide.mcu.externaltools.gnu-tools-for-stm32.13.3.rel1.linux64_1.0.0.202410170706/tools/bin/../lib/gcc/arm-none-eabi/13.3.1/thumb/v6-m/nofp/libgcc.a(_dvmd_tls.o)
 .ARM.attributes
                0x000006ba       0x1e /opt/st/stm32cubeide_1.19.0/plugins/com.st.stm32cube.ide.mcu.externaltools.gnu-tools-for-stm32.13.3.rel1.linux64_1.0.0.202410170706/tools/bin/../lib/gcc/arm-none-eabi/13.3.1/thumb/v6-m/nofp/libgcc.a(_aeabi_uldivmod.o)
 .ARM.attributes
                0x000006d8       0x2c /opt/st/stm32cubeide_1.19.0/plugins/com.st.stm32cube.ide.mcu.externaltools.gnu-tools-for-stm32.13.3.rel1.linux64_1.0.0.202410170706/tools/bin/../lib/gcc/arm-none-eabi/13.3.1/thumb/v6-m/nofp/libgcc.a(_udivmoddi4.o)
 .ARM.attributes
                0x00000704       0x1e /opt/st/stm32cubeide_1.19.0/plugins/com.st.stm32cube.ide.mcu.externaltools.gnu-tools-for-stm32.13.3.rel1.linux64_1.0.0.202410170706/tools/bin/../lib/gcc/arm-none-eabi/13.3.1/thumb/v6-m/nofp/libgcc.a(_clzdi2.o)
 .ARM.attributes
                0x00000722       0x1e /opt/st/stm32cubeide_1.19.0/plugins/com.st.stm32cube.ide.mcu.externaltools.gnu-tools-for-stm32.13.3.rel1.linux64_1.0.0.202410170706/tools/bin/../lib/gcc/arm-none-eabi/13.3.1/thumb/v6-m/nofp/libgcc.a(_clzsi2.o)
 .ARM.attributes
                0x00000740       0x1e /opt/st/stm32cubeide_1.19.0/plugins/com.st.stm32cube.ide.mcu.externaltools.gnu-tools-for-stm32.13.3.rel1.linux64_1.0.0.202410170706/tools/bin/../lib/gcc/arm-none-eabi/13.3.1/thumb/v6-m/nofp/crtn.o
OUTPUT(ex3.elf elf32-littlearm)
LOAD linker stubs
LOAD /opt/st/stm32cubeide_1.19.0/plugins/com.st.stm32cube.ide.mcu.externaltools.gnu-tools-for-stm32.13.3.rel1.linux64_1.0.0.202410170706/tools/bin/../lib/gcc/arm-none-eabi/13.3.1/../../../../arm-none-eabi/lib/thumb/v6-m/nofp/libc.a
LOAD /opt/st/stm32cubeide_1.19.0/plugins/com.st.stm32cube.ide.mcu.externaltools.gnu-tools-for-stm32.13.3.rel1.linux64_1.0.0.202410170706/tools/bin/../lib/gcc/arm-none-eabi/13.3.1/../../../../arm-none-eabi/lib/thumb/v6-m/nofp/libm.a
LOAD /opt/st/stm32cubeide_1.19.0/plugins/com.st.stm32cube.ide.mcu.externaltools.gnu-tools-for-stm32.13.3.rel1.linux64_1.0.0.202410170706/tools/bin/../lib/gcc/arm-none-eabi/13.3.1/thumb/v6-m/nofp/libgcc.a

.debug_info     0x00000000     0xce0c
 .debug_info    0x00000000     0x15a5 ./Core/Src/main.o
 .debug_info    0x000015a5     0x1057 ./Core/Src/stm32l0xx_hal_msp.o
 .debug_info    0x000025fc      0x341 ./Core/Src/stm32l0xx_it.o
 .debug_info    0x0000293d      0x168 ./Core/Src/sysmem.o
 .debug_info    0x00002aa5      0x2d0 ./Core/Src/system_stm32l0xx.o
 .debug_info    0x00002d75       0x30 ./Core/Startup/startup_stm32l031k6tx.o
 .debug_info    0x00002da5      0x818 ./Drivers/STM32L0xx_HAL_Driver/Src/stm32l0xx_hal.o
 .debug_info    0x000035bd      0xcea ./Drivers/STM32L0xx_HAL_Driver/Src/stm32l0xx_hal_adc.o
 .debug_info    0x000042a7      0x678 ./Drivers/STM32L0xx_HAL_Driver/Src/stm32l0xx_hal_cortex.o
 .debug_info    0x0000491f      0x70b ./Drivers/STM32L0xx_HAL_Driver/Src/stm32l0xx_hal_dma.o
 .debug_info    0x0000502a      0x624 ./Drivers/STM32L0xx_HAL_Driver/Src/stm32l0xx_hal_gpio.o
 .debug_info    0x0000564e      0x96b ./Drivers/STM32L0xx_HAL_Driver/Src/stm32l0xx_hal_rcc.o
 .debug_info    0x00005fb9      0x46d ./Drivers/STM32L0xx_HAL_Driver/Src/stm32l0xx_hal_rcc_ex.o
 .debug_info    0x00006426     0x27d1 ./Drivers/STM32L0xx_HAL_Driver/Src/stm32l0xx_hal_tim.o
 .debug_info    0x00008bf7      0x6af ./Drivers/STM32L0xx_HAL_Driver/Src/stm32l0xx_hal_tim_ex.o
 .debug_info    0x000092a6     0x3b66 ./Drivers/STM32L0xx_HAL_Driver/Src/stm32l0xx_hal_uart.o

.debug_abbrev   0x00000000     0x1f1a
 .debug_abbrev  0x00000000      0x322 ./Core/Src/main.o
 .debug_abbrev  0x00000322      0x274 ./Core/Src/stm32l0xx_hal_msp.o
 .debug_abbrev  0x00000596      0x139 ./Core/Src/stm32l0xx_it.o
 .debug_abbrev  0x000006cf       0xbc ./Core/Src/sysmem.o
 .debug_abbrev  0x0000078b      0x11c ./Core/Src/system_stm32l0xx.o
 .debug_abbrev  0x000008a7       0x24 ./Core/Startup/startup_stm32l031k6tx.o
 .debug_abbrev  0x000008cb      0x2a4 ./Drivers/STM32L0xx_HAL_Driver/Src/stm32l0xx_hal.o
 .debug_abbrev  0x00000b6f      0x241 ./Drivers/STM32L0xx_HAL_Driver/Src/stm32l0xx_hal_adc.o
 .debug_abbrev  0x00000db0      0x26f ./Drivers/STM32L0xx_HAL_Driver/Src/stm32l0xx_hal_cortex.o
 .debug_abbrev  0x0000101f      0x1cd ./Drivers/STM32L0xx_HAL_Driver/Src/stm32l0xx_hal_dma.o
 .debug_abbrev  0x000011ec      0x1ca ./Drivers/STM32L0xx_HAL_Driver/Src/stm32l0xx_hal_gpio.o
 .debug_abbrev  0x000013b6      0x295 ./Drivers/STM32L0xx_HAL_Driver/Src/stm32l0xx_hal_rcc.o
 .debug_abbrev  0x0000164b      0x1d2 ./Drivers/STM32L0xx_HAL_Driver/Src/stm32l0xx_hal_rcc_ex.o
 .debug_abbrev  0x0000181d      0x272 ./Drivers/STM32L0xx_HAL_Driver/Src/stm32l0xx_hal_tim.o
 .debug_abbrev  0x00001a8f      0x1ab ./Drivers/STM32L0xx_HAL_Driver/Src/stm32l0xx_hal_tim_ex.o
 .debug_abbrev  0x00001c3a      0x2e0 ./Drivers/STM32L0xx_HAL_Driver/Src/stm32l0xx_hal_uart.o

.debug_aranges  0x00000000      0xc08
 .debug_aranges
                0x00000000       0x58 ./Core/Src/main.o
 .debug_aranges
                0x00000058       0x58 ./Core/Src/stm32l0xx_hal_msp.o
 .debug_aranges
                0x000000b0       0x48 ./Core/Src/stm32l0xx_it.o
 .debug_aranges
                0x000000f8       0x20 ./Core/Src/sysmem.o
 .debug_aranges
                0x00000118       0x28 ./Core/Src/system_stm32l0xx.o
 .debug_aranges
                0x00000140       0x28 ./Core/Startup/startup_stm32l031k6tx.o
 .debug_aranges
                0x00000168      0x110 ./Drivers/STM32L0xx_HAL_Driver/Src/stm32l0xx_hal.o
 .debug_aranges
                0x00000278      0x100 ./Drivers/STM32L0xx_HAL_Driver/Src/stm32l0xx_hal_adc.o
 .debug_aranges
                0x00000378       0xc0 ./Drivers/STM32L0xx_HAL_Driver/Src/stm32l0xx_hal_cortex.o
 .debug_aranges
                0x00000438       0x80 ./Drivers/STM32L0xx_HAL_Driver/Src/stm32l0xx_hal_dma.o
 .debug_aranges
                0x000004b8       0x58 ./Drivers/STM32L0xx_HAL_Driver/Src/stm32l0xx_hal_gpio.o
 .debug_aranges
                0x00000510       0x80 ./Drivers/STM32L0xx_HAL_Driver/Src/stm32l0xx_hal_rcc.o
 .debug_aranges
                0x00000590       0x58 ./Drivers/STM32L0xx_HAL_Driver/Src/stm32l0xx_hal_rcc_ex.o
 .debug_aranges
                0x000005e8      0x3d0 ./Drivers/STM32L0xx_HAL_Driver/Src/stm32l0xx_hal_tim.o
 .debug_aranges
                0x000009b8       0x28 ./Drivers/STM32L0xx_HAL_Driver/Src/stm32l0xx_hal_tim_ex.o
 .debug_aranges
                0x000009e0      0x228 ./Drivers/STM32L0xx_HAL_Driver/Src/stm32l0xx_hal_uart.o

.debug_rnglists
                0x00000000      0x960
 .debug_rnglists
                0x00000000       0x41 ./Core/Src/main.o
 .debug_rnglists
                0x00000041       0x3f ./Core/Src/stm32l0xx_hal_msp.o
 .debug_rnglists
                0x00000080       0x31 ./Core/Src/stm32l0xx_it.o
 .debug_rnglists
                0x000000b1       0x13 ./Core/Src/sysmem.o
 .debug_rnglists
                0x000000c4       0x1a ./Core/Src/system_stm32l0xx.o
 .debug_rnglists
                0x000000de       0x19 ./Core/Startup/startup_stm32l031k6tx.o
 .debug_rnglists
                0x000000f7       0xc7 ./Drivers/STM32L0xx_HAL_Driver/Src/stm32l0xx_hal.o
 .debug_rnglists
                0x000001be       0xcc ./Drivers/STM32L0xx_HAL_Driver/Src/stm32l0xx_hal_adc.o
 .debug_rnglists
                0x0000028a       0x8c ./Drivers/STM32L0xx_HAL_Driver/Src/stm32l0xx_hal_cortex.o
 .debug_rnglists
                0x00000316       0x65 ./Drivers/STM32L0xx_HAL_Driver/Src/stm32l0xx_hal_dma.o
 .debug_rnglists
                0x0000037b       0x3f ./Drivers/STM32L0xx_HAL_Driver/Src/stm32l0xx_hal_gpio.o
 .debug_rnglists
                0x000003ba       0x61 ./Drivers/STM32L0xx_HAL_Driver/Src/stm32l0xx_hal_rcc.o
 .debug_rnglists
                0x0000041b       0x40 ./Drivers/STM32L0xx_HAL_Driver/Src/stm32l0xx_hal_rcc_ex.o
 .debug_rnglists
                0x0000045b      0x310 ./Drivers/STM32L0xx_HAL_Driver/Src/stm32l0xx_hal_tim.o
 .debug_rnglists
                0x0000076b       0x1a ./Drivers/STM32L0xx_HAL_Driver/Src/stm32l0xx_hal_tim_ex.o
 .debug_rnglists
                0x00000785      0x1db ./Drivers/STM32L0xx_HAL_Driver/Src/stm32l0xx_hal_uart.o

.debug_macro    0x00000000    0x118d4
 .debug_macro   0x00000000      0x1c9 ./Core/Src/main.o
 .debug_macro   0x000001c9      0xaae ./Core/Src/main.o
 .debug_macro   0x00000c77      0x125 ./Core/Src/main.o
 .debug_macro   0x00000d9c       0x2e ./Core/Src/main.o
 .debug_macro   0x00000dca       0x28 ./Core/Src/main.o
 .debug_macro   0x00000df2       0x22 ./Core/Src/main.o
 .debug_macro   0x00000e14       0x8e ./Core/Src/main.o
 .debug_macro   0x00000ea2       0x51 ./Core/Src/main.o
 .debug_macro   0x00000ef3      0x103 ./Core/Src/main.o
 .debug_macro   0x00000ff6       0x6a ./Core/Src/main.o
 .debug_macro   0x00001060      0x1df ./Core/Src/main.o
 .debug_macro   0x0000123f       0x1c ./Core/Src/main.o
 .debug_macro   0x0000125b       0x22 ./Core/Src/main.o
 .debug_macro   0x0000127d       0xaf ./Core/Src/main.o
 .debug_macro   0x0000132c      0x3ad ./Core/Src/main.o
 .debug_macro   0x000016d9     0x8137 ./Core/Src/main.o
 .debug_macro   0x00009810       0x66 ./Core/Src/main.o
 .debug_macro   0x00009876     0x35ac ./Core/Src/main.o
 .debug_macro   0x0000ce22      0x190 ./Core/Src/main.o
 .debug_macro   0x0000cfb2       0x5c ./Core/Src/main.o
 .debug_macro   0x0000d00e      0x8b4 ./Core/Src/main.o
 .debug_macro   0x0000d8c2      0x474 ./Core/Src/main.o
 .debug_macro   0x0000dd36      0x189 ./Core/Src/main.o
 .debug_macro   0x0000debf      0x13f ./Core/Src/main.o
 .debug_macro   0x0000dffe      0x10d ./Core/Src/main.o
 .debug_macro   0x0000e10b       0x82 ./Core/Src/main.o
 .debug_macro   0x0000e18d      0x28e ./Core/Src/main.o
 .debug_macro   0x0000e41b       0x28 ./Core/Src/main.o
 .debug_macro   0x0000e443      0x4e1 ./Core/Src/main.o
 .debug_macro   0x0000e924       0x6b ./Core/Src/main.o
 .debug_macro   0x0000e98f      0x128 ./Core/Src/main.o
 .debug_macro   0x0000eab7      0x23b ./Core/Src/main.o
 .debug_macro   0x0000ecf2      0x186 ./Core/Src/main.o
 .debug_macro   0x0000ee78       0x16 ./Core/Src/main.o
 .debug_macro   0x0000ee8e      0x788 ./Core/Src/main.o
 .debug_macro   0x0000f616       0xc6 ./Core/Src/main.o
 .debug_macro   0x0000f6dc      0x5cf ./Core/Src/main.o
 .debug_macro   0x0000fcab       0x44 ./Core/Src/main.o
 .debug_macro   0x0000fcef      0x12a ./Core/Src/main.o
 .debug_macro   0x0000fe19      0x1c9 ./Core/Src/stm32l0xx_hal_msp.o
 .debug_macro   0x0000ffe2      0x1d3 ./Core/Src/stm32l0xx_it.o
 .debug_macro   0x000101b5      0x112 ./Core/Src/sysmem.o
 .debug_macro   0x000102c7      0x23c ./Core/Src/sysmem.o
 .debug_macro   0x00010503      0x1bf ./Core/Src/system_stm32l0xx.o
 .debug_macro   0x000106c2      0x1e3 ./Drivers/STM32L0xx_HAL_Driver/Src/stm32l0xx_hal.o
 .debug_macro   0x000108a5      0x1ce ./Drivers/STM32L0xx_HAL_Driver/Src/stm32l0xx_hal_adc.o
 .debug_macro   0x00010a73      0x1bf ./Drivers/STM32L0xx_HAL_Driver/Src/stm32l0xx_hal_cortex.o
 .debug_macro   0x00010c32      0x1bf ./Drivers/STM32L0xx_HAL_Driver/Src/stm32l0xx_hal_dma.o
 .debug_macro   0x00010df1      0x1c6 ./Drivers/STM32L0xx_HAL_Driver/Src/stm32l0xx_hal_gpio.o
 .debug_macro   0x00010fb7      0x1f5 ./Drivers/STM32L0xx_HAL_Driver/Src/stm32l0xx_hal_rcc.o
 .debug_macro   0x000111ac      0x1bf ./Drivers/STM32L0xx_HAL_Driver/Src/stm32l0xx_hal_rcc_ex.o
 .debug_macro   0x0001136b      0x1c0 ./Drivers/STM32L0xx_HAL_Driver/Src/stm32l0xx_hal_tim.o
 .debug_macro   0x0001152b      0x1bf ./Drivers/STM32L0xx_HAL_Driver/Src/stm32l0xx_hal_tim_ex.o
 .debug_macro   0x000116ea      0x1ea ./Drivers/STM32L0xx_HAL_Driver/Src/stm32l0xx_hal_uart.o

.debug_line     0x00000000     0xdd36
 .debug_line    0x00000000      0x8e8 ./Core/Src/main.o
 .debug_line    0x000008e8      0x7d8 ./Core/Src/stm32l0xx_hal_msp.o
 .debug_line    0x000010c0      0x727 ./Core/Src/stm32l0xx_it.o
 .debug_line    0x000017e7      0x4bd ./Core/Src/sysmem.o
 .debug_line    0x00001ca4      0x763 ./Core/Src/system_stm32l0xx.o
 .debug_line    0x00002407       0x7b ./Core/Startup/startup_stm32l031k6tx.o
 .debug_line    0x00002482      0xa22 ./Drivers/STM32L0xx_HAL_Driver/Src/stm32l0xx_hal.o
 .debug_line    0x00002ea4     0x10e2 ./Drivers/STM32L0xx_HAL_Driver/Src/stm32l0xx_hal_adc.o
 .debug_line    0x00003f86      0x9dd ./Drivers/STM32L0xx_HAL_Driver/Src/stm32l0xx_hal_cortex.o
 .debug_line    0x00004963      0xbe5 ./Drivers/STM32L0xx_HAL_Driver/Src/stm32l0xx_hal_dma.o
 .debug_line    0x00005548      0xa6e ./Drivers/STM32L0xx_HAL_Driver/Src/stm32l0xx_hal_gpio.o
 .debug_line    0x00005fb6      0xf22 ./Drivers/STM32L0xx_HAL_Driver/Src/stm32l0xx_hal_rcc.o
 .debug_line    0x00006ed8      0xa18 ./Drivers/STM32L0xx_HAL_Driver/Src/stm32l0xx_hal_rcc_ex.o
 .debug_line    0x000078f0     0x2f48 ./Drivers/STM32L0xx_HAL_Driver/Src/stm32l0xx_hal_tim.o
 .debug_line    0x0000a838      0x746 ./Drivers/STM32L0xx_HAL_Driver/Src/stm32l0xx_hal_tim_ex.o
 .debug_line    0x0000af7e     0x2db8 ./Drivers/STM32L0xx_HAL_Driver/Src/stm32l0xx_hal_uart.o

.debug_str      0x00000000    0x70867
 .debug_str     0x00000000    0x70867 ./Core/Src/main.o
                              0x6ad15 (size before relaxing)
 .debug_str     0x00070867    0x6a822 ./Core/Src/stm32l0xx_hal_msp.o
 .debug_str     0x00070867    0x69f58 ./Core/Src/stm32l0xx_it.o
 .debug_str     0x00070867     0x7672 ./Core/Src/sysmem.o
 .debug_str     0x00070867    0x69dfb ./Core/Src/system_stm32l0xx.o
 .debug_str     0x00070867       0x78 ./Core/Startup/startup_stm32l031k6tx.o
 .debug_str     0x00070867    0x6a4a2 ./Drivers/STM32L0xx_HAL_Driver/Src/stm32l0xx_hal.o
 .debug_str     0x00070867    0x6a4e7 ./Drivers/STM32L0xx_HAL_Driver/Src/stm32l0xx_hal_adc.o
 .debug_str     0x00070867    0x6a0f7 ./Drivers/STM32L0xx_HAL_Driver/Src/stm32l0xx_hal_cortex.o
 .debug_str     0x00070867    0x6a16f ./Drivers/STM32L0xx_HAL_Driver/Src/stm32l0xx_hal_dma.o
 .debug_str     0x00070867    0x69f9b ./Drivers/STM32L0xx_HAL_Driver/Src/stm32l0xx_hal_gpio.o
 .debug_str     0x00070867    0x6a2e8 ./Drivers/STM32L0xx_HAL_Driver/Src/stm32l0xx_hal_rcc.o
 .debug_str     0x00070867    0x69fff ./Drivers/STM32L0xx_HAL_Driver/Src/stm32l0xx_hal_rcc_ex.o
 .debug_str     0x00070867    0x6b0d3 ./Drivers/STM32L0xx_HAL_Driver/Src/stm32l0xx_hal_tim.o
 .debug_str     0x00070867    0x6a278 ./Drivers/STM32L0xx_HAL_Driver/Src/stm32l0xx_hal_tim_ex.o
 .debug_str     0x00070867    0x6abbb ./Drivers/STM32L0xx_HAL_Driver/Src/stm32l0xx_hal_uart.o

.comment        0x00000000       0x43
 .comment       0x00000000       0x43 ./Core/Src/main.o
                                 0x44 (size before relaxing)
 .comment       0x00000043       0x44 ./Core/Src/stm32l0xx_hal_msp.o
 .comment       0x00000043       0x44 ./Core/Src/stm32l0xx_it.o
 .comment       0x00000043       0x44 ./Core/Src/sysmem.o
 .comment       0x00000043       0x44 ./Core/Src/system_stm32l0xx.o
 .comment       0x00000043       0x44 ./Drivers/STM32L0xx_HAL_Driver/Src/stm32l0xx_hal.o
 .comment       0x00000043       0x44 ./Drivers/STM32L0xx_HAL_Driver/Src/stm32l0xx_hal_adc.o
 .comment       0x00000043       0x44 ./Drivers/STM32L0xx_HAL_Driver/Src/stm32l0xx_hal_cortex.o
 .comment       0x00000043       0x44 ./Drivers/STM32L0xx_HAL_Driver/Src/stm32l0xx_hal_dma.o
 .comment       0x00000043       0x44 ./Drivers/STM32L0xx_HAL_Driver/Src/stm32l0xx_hal_gpio.o
 .comment       0x00000043       0x44 ./Drivers/STM32L0xx_HAL_Driver/Src/stm32l0xx_hal_rcc.o
 .comment       0x00000043       0x44 ./Drivers/STM32L0xx_HAL_Driver/Src/stm32l0xx_hal_rcc_ex.o
 .comment       0x00000043       0x44 ./Drivers/STM32L0xx_HAL_Driver/Src/stm32l0xx_hal_tim.o
 .comment       0x00000043       0x44 ./Drivers/STM32L0xx_HAL_Driver/Src/stm32l0xx_hal_tim_ex.o
 .comment       0x00000043       0x44 ./Drivers/STM32L0xx_HAL_Driver/Src/stm32l0xx_hal_uart.o

.debug_frame    0x00000000     0x2fdc
 .debug_frame   0x00000000      0x10c ./Core/Src/main.o
 .debug_frame   0x0000010c      0x10c ./Core/Src/stm32l0xx_hal_msp.o
 .debug_frame   0x00000218       0xb8 ./Core/Src/stm32l0xx_it.o
 .debug_frame   0x000002d0       0x30 ./Core/Src/sysmem.o
 .debug_frame   0x00000300       0x4c ./Core/Src/system_stm32l0xx.o
 .debug_frame   0x0000034c      0x394 ./Drivers/STM32L0xx_HAL_Driver/Src/stm32l0xx_hal.o
 .debug_frame   0x000006e0      0x3c0 ./Drivers/STM32L0xx_HAL_Driver/Src/stm32l0xx_hal_adc.o
 .debug_frame   0x00000aa0      0x2a0 ./Drivers/STM32L0xx_HAL_Driver/Src/stm32l0xx_hal_cortex.o
 .debug_frame   0x00000d40      0x1b0 ./Drivers/STM32L0xx_HAL_Driver/Src/stm32l0xx_hal_dma.o
 .debug_frame   0x00000ef0      0x110 ./Drivers/STM32L0xx_HAL_Driver/Src/stm32l0xx_hal_gpio.o
 .debug_frame   0x00001000      0x1a4 ./Drivers/STM32L0xx_HAL_Driver/Src/stm32l0xx_hal_rcc.o
 .debug_frame   0x000011a4       0xfc ./Drivers/STM32L0xx_HAL_Driver/Src/stm32l0xx_hal_rcc_ex.o
 .debug_frame   0x000012a0      0xef8 ./Drivers/STM32L0xx_HAL_Driver/Src/stm32l0xx_hal_tim.o
 .debug_frame   0x00002198       0x50 ./Drivers/STM32L0xx_HAL_Driver/Src/stm32l0xx_hal_tim_ex.o
 .debug_frame   0x000021e8      0x854 ./Drivers/STM32L0xx_HAL_Driver/Src/stm32l0xx_hal_uart.o
 .debug_frame   0x00002a3c      0x138 /opt/st/stm32cubeide_1.19.0/plugins/com.st.stm32cube.ide.mcu.externaltools.gnu-tools-for-stm32.13.3.rel1.linux64_1.0.0.202410170706/tools/bin/../lib/gcc/arm-none-eabi/13.3.1/../../../../arm-none-eabi/lib/thumb/v6-m/nofp/libc_nano.a(libc_a-findfp.o)
 .debug_frame   0x00002b74       0x50 /opt/st/stm32cubeide_1.19.0/plugins/com.st.stm32cube.ide.mcu.externaltools.gnu-tools-for-stm32.13.3.rel1.linux64_1.0.0.202410170706/tools/bin/../lib/gcc/arm-none-eabi/13.3.1/../../../../arm-none-eabi/lib/thumb/v6-m/nofp/libc_nano.a(libc_a-sprintf.o)
 .debug_frame   0x00002bc4       0x20 /opt/st/stm32cubeide_1.19.0/plugins/com.st.stm32cube.ide.mcu.externaltools.gnu-tools-for-stm32.13.3.rel1.linux64_1.0.0.202410170706/tools/bin/../lib/gcc/arm-none-eabi/13.3.1/../../../../arm-none-eabi/lib/thumb/v6-m/nofp/libc_nano.a(libc_a-memset.o)
 .debug_frame   0x00002be4       0x2c /opt/st/stm32cubeide_1.19.0/plugins/com.st.stm32cube.ide.mcu.externaltools.gnu-tools-for-stm32.13.3.rel1.linux64_1.0.0.202410170706/tools/bin/../lib/gcc/arm-none-eabi/13.3.1/../../../../arm-none-eabi/lib/thumb/v6-m/nofp/libc_nano.a(libc_a-reent.o)
 .debug_frame   0x00002c10       0x20 /opt/st/stm32cubeide_1.19.0/plugins/com.st.stm32cube.ide.mcu.externaltools.gnu-tools-for-stm32.13.3.rel1.linux64_1.0.0.202410170706/tools/bin/../lib/gcc/arm-none-eabi/13.3.1/../../../../arm-none-eabi/lib/thumb/v6-m/nofp/libc_nano.a(libc_a-errno.o)
 .debug_frame   0x00002c30       0x2c /opt/st/stm32cubeide_1.19.0/plugins/com.st.stm32cube.ide.mcu.externaltools.gnu-tools-for-stm32.13.3.rel1.linux64_1.0.0.202410170706/tools/bin/../lib/gcc/arm-none-eabi/13.3.1/../../../../arm-none-eabi/lib/thumb/v6-m/nofp/libc_nano.a(libc_a-init.o)
 .debug_frame   0x00002c5c       0xb0 /opt/st/stm32cubeide_1.19.0/plugins/com.st.stm32cube.ide.mcu.externaltools.gnu-tools-for-stm32.13.3.rel1.linux64_1.0.0.202410170706/tools/bin/../lib/gcc/arm-none-eabi/13.3.1/../../../../arm-none-eabi/lib/thumb/v6-m/nofp/libc_nano.a(libc_a-lock.o)
 .debug_frame   0x00002d0c       0x2c /opt/st/stm32cubeide_1.19.0/plugins/com.st.stm32cube.ide.mcu.externaltools.gnu-tools-for-stm32.13.3.rel1.linux64_1.0.0.202410170706/tools/bin/../lib/gcc/arm-none-eabi/13.3.1/../../../../arm-none-eabi/lib/thumb/v6-m/nofp/libc_nano.a(libc_a-freer.o)
 .debug_frame   0x00002d38       0x50 /opt/st/stm32cubeide_1.19.0/plugins/com.st.stm32cube.ide.mcu.externaltools.gnu-tools-for-stm32.13.3.rel1.linux64_1.0.0.202410170706/tools/bin/../lib/gcc/arm-none-eabi/13.3.1/../../../../arm-none-eabi/lib/thumb/v6-m/nofp/libc_nano.a(libc_a-mallocr.o)
 .debug_frame   0x00002d88       0x40 /opt/st/stm32cubeide_1.19.0/plugins/com.st.stm32cube.ide.mcu.externaltools.gnu-tools-for-stm32.13.3.rel1.linux64_1.0.0.202410170706/tools/bin/../lib/gcc/arm-none-eabi/13.3.1/../../../../arm-none-eabi/lib/thumb/v6-m/nofp/libc_nano.a(libc_a-mlock.o)
 .debug_frame   0x00002dc8       0x74 /opt/st/stm32cubeide_1.19.0/plugins/com.st.stm32cube.ide.mcu.externaltools.gnu-tools-for-stm32.13.3.rel1.linux64_1.0.0.202410170706/tools/bin/../lib/gcc/arm-none-eabi/13.3.1/../../../../arm-none-eabi/lib/thumb/v6-m/nofp/libc_nano.a(libc_a-nano-svfprintf.o)
 .debug_frame   0x00002e3c       0x54 /opt/st/stm32cubeide_1.19.0/plugins/com.st.stm32cube.ide.mcu.externaltools.gnu-tools-for-stm32.13.3.rel1.linux64_1.0.0.202410170706/tools/bin/../lib/gcc/arm-none-eabi/13.3.1/../../../../arm-none-eabi/lib/thumb/v6-m/nofp/libc_nano.a(libc_a-nano-vfprintf_i.o)
 .debug_frame   0x00002e90       0x28 /opt/st/stm32cubeide_1.19.0/plugins/com.st.stm32cube.ide.mcu.externaltools.gnu-tools-for-stm32.13.3.rel1.linux64_1.0.0.202410170706/tools/bin/../lib/gcc/arm-none-eabi/13.3.1/../../../../arm-none-eabi/lib/thumb/v6-m/nofp/libc_nano.a(libc_a-memmove.o)
 .debug_frame   0x00002eb8       0x2c /opt/st/stm32cubeide_1.19.0/plugins/com.st.stm32cube.ide.mcu.externaltools.gnu-tools-for-stm32.13.3.rel1.linux64_1.0.0.202410170706/tools/bin/../lib/gcc/arm-none-eabi/13.3.1/../../../../arm-none-eabi/lib/thumb/v6-m/nofp/libc_nano.a(libc_a-sbrkr.o)
 .debug_frame   0x00002ee4       0x20 /opt/st/stm32cubeide_1.19.0/plugins/com.st.stm32cube.ide.mcu.externaltools.gnu-tools-for-stm32.13.3.rel1.linux64_1.0.0.202410170706/tools/bin/../lib/gcc/arm-none-eabi/13.3.1/../../../../arm-none-eabi/lib/thumb/v6-m/nofp/libc_nano.a(libc_a-memchr-stub.o)
 .debug_frame   0x00002f04       0x28 /opt/st/stm32cubeide_1.19.0/plugins/com.st.stm32cube.ide.mcu.externaltools.gnu-tools-for-stm32.13.3.rel1.linux64_1.0.0.202410170706/tools/bin/../lib/gcc/arm-none-eabi/13.3.1/../../../../arm-none-eabi/lib/thumb/v6-m/nofp/libc_nano.a(libc_a-memcpy-stub.o)
 .debug_frame   0x00002f2c       0x34 /opt/st/stm32cubeide_1.19.0/plugins/com.st.stm32cube.ide.mcu.externaltools.gnu-tools-for-stm32.13.3.rel1.linux64_1.0.0.202410170706/tools/bin/../lib/gcc/arm-none-eabi/13.3.1/../../../../arm-none-eabi/lib/thumb/v6-m/nofp/libc_nano.a(libc_a-reallocr.o)
 .debug_frame   0x00002f60       0x20 /opt/st/stm32cubeide_1.19.0/plugins/com.st.stm32cube.ide.mcu.externaltools.gnu-tools-for-stm32.13.3.rel1.linux64_1.0.0.202410170706/tools/bin/../lib/gcc/arm-none-eabi/13.3.1/../../../../arm-none-eabi/lib/thumb/v6-m/nofp/libc_nano.a(libc_a-msizer.o)
 .debug_frame   0x00002f80       0x20 /opt/st/stm32cubeide_1.19.0/plugins/com.st.stm32cube.ide.mcu.externaltools.gnu-tools-for-stm32.13.3.rel1.linux64_1.0.0.202410170706/tools/bin/../lib/gcc/arm-none-eabi/13.3.1/thumb/v6-m/nofp/libgcc.a(_udivsi3.o)
 .debug_frame   0x00002fa0       0x3c /opt/st/stm32cubeide_1.19.0/plugins/com.st.stm32cube.ide.mcu.externaltools.gnu-tools-for-stm32.13.3.rel1.linux64_1.0.0.202410170706/tools/bin/../lib/gcc/arm-none-eabi/13.3.1/thumb/v6-m/nofp/libgcc.a(_udivmoddi4.o)

.debug_line_str
                0x00000000       0x5c
 .debug_line_str
                0x00000000       0x5c ./Core/Startup/startup_stm32l031k6tx.o
